ds4: Linux cuda backend set oom_score_adj=1000
ds4: CUDA backend initialized on NVIDIA GB10 (sm_121) dev=0
ds4: cuda SSD streaming total expert budget 40.00 GiB = 5.91 GiB prefill headroom + 34.09 GiB dynamic cache (3761 experts, 9.28 MiB each)
ds4: SSD streaming mixed-precision model: 1/76 routed layers off the slab size class will bypass the expert cache and read experts via mapped model views
ds4: SSD streaming initial cuda model map restricted to token embedding (1 spans, 0.94 GiB tensor span)
ds4: CUDA host registration skipped: operation not supported
ds4: CUDA preparing model tensor mappings
ds4: CUDA loading model tensors into device cache
ds4: CUDA startup model preparation covered 0.94 GiB of tensor spans in 0.264s
ds4: cuda backend initialized for graph diagnostics
ds4: memory: KV 1.45 GiB (raw 0.00 + compressed 1.45) + buffers 4.07 GiB + resident model 0.94 GiB + expert cache 34.09 GiB + prefill expert reserve 5.91 GiB = 46.46 GiB planned
ds4: memory detail: ctx=8193 prefill_cap=4096 raw_kv_rows=0 compressed_kv_rows=8193 backend=cuda
ds4: memory: KV 1.45 GiB (raw 0.00 + compressed 1.45) + buffers 4.07 GiB = 5.52 GiB context
ds4: memory detail: ctx=8193 prefill_cap=4096 raw_kv_rows=0 compressed_kv_rows=8193 backend=cuda
ds4: GLM Metal session ctx=8193 (model max=1048576); full-attention prefill/work cap=8192; compact indexed decode is used beyond the cap
ds4: GLM graph using compact DSA KV only; expanded full-attention KV cache is skipped
ds4: GLM graph allocating compact DSA cache: rows=8193 logical_ctx=8193 kv_layers=78 indexer_layers=21 f32 1.45 GiB
ds4: GLM compact indexed prefill chunk=4096 score_rows=4096 score_scratch=128.02 MiB
ds4: expert cache SLRU enabled (protected cap 2466 of 4110 slots)
ds4: expert-cache arena pin: ok (5.6 s)
ds4: CUDA persistent expert cache enabled: 4110 slots x 9.28 MiB = 37.25 GiB (fixed arena)
ds4: CUDA parallel expert fetch enabled: 6 threads
ds4: CUDA persistent expert cache flushed (model load generation changed)
ds4: CUDA persistent expert cache flushed (model load generation changed)
ds4: CUDA persistent expert cache flushed (model load generation changed)
ds4: CUDA persistent expert cache flushed (model load generation changed)
ds4: CUDA persistent expert cache flushed (model load generation changed)
ds4: CUDA loading model tensors 3.35 GiB cached
ds4: CUDA persistent expert cache flushed (model load generation changed)
ds4: CUDA persistent expert cache flushed (model load generation changed)
ds4: CUDA persistent expert cache flushed (model load generation changed)
ds4: CUDA persistent expert cache flushed (model load generation changed)
ds4: CUDA persistent expert cache flushed (model load generation changed)
ds4: CUDA persistent expert cache flushed (model load generation changed)
ds4: CUDA persistent expert cache flushed (model load generation changed)
ds4: CUDA persistent expert cache flushed (model load generation changed)
ds4: CUDA persistent expert cache flushed (model load generation changed)
ds4: CUDA persistent expert cache flushed (model load generation changed)
ds4: CUDA persistent expert cache flushed (model load generation changed)
ds4: CUDA persistent expert cache flushed (model load generation changed)
ds4: CUDA persistent expert cache flushed (model load generation changed)
ds4: CUDA persistent expert cache flushed (model load generation changed)
ds4: CUDA persistent expert cache flushed (model load generation changed)
ds4: CUDA persistent expert cache flushed (model load generation changed)
ds4: CUDA persistent expert cache flushed (model load generation changed)
ds4: CUDA loading model tensors 6.84 GiB cached
ds4: CUDA persistent expert cache flushed (model load generation changed)
ds4: CUDA persistent expert cache flushed (model load generation changed)
ds4: CUDA persistent expert cache flushed (model load generation changed)
ds4: CUDA persistent expert cache flushed (model load generation changed)
ds4: CUDA persistent expert cache flushed (model load generation changed)
ds4: CUDA persistent expert cache flushed (model load generation changed)
ds4: CUDA persistent expert cache flushed (model load generation changed)
ds4: CUDA persistent expert cache flushed (model load generation changed)
ds4: CUDA persistent expert cache flushed (model load generation changed)
ds4: CUDA persistent expert cache flushed (model load generation changed)
ds4: CUDA persistent expert cache flushed (model load generation changed)
ds4: CUDA persistent expert cache flushed (model load generation changed)
ds4: CUDA persistent expert cache flushed (model load generation changed)
ds4: CUDA persistent expert cache flushed (model load generation changed)
ds4: CUDA persistent expert cache flushed (model load generation changed)
ds4: CUDA loading model tensors 9.96 GiB cached
ds4: CUDA persistent expert cache flushed (model load generation changed)
ds4: CUDA persistent expert cache flushed (model load generation changed)
ds4: CUDA persistent expert cache flushed (model load generation changed)
ds4: CUDA persistent expert cache flushed (model load generation changed)
ds4: CUDA persistent expert cache flushed (model load generation changed)
ds4: CUDA persistent expert cache flushed (model load generation changed)
ds4: CUDA persistent expert cache flushed (model load generation changed)
ds4: CUDA persistent expert cache flushed (model load generation changed)
ds4: CUDA persistent expert cache flushed (model load generation changed)
ds4: CUDA persistent expert cache flushed (model load generation changed)
ds4: CUDA persistent expert cache flushed (model load generation changed)
ds4: CUDA persistent expert cache flushed (model load generation changed)
ds4: CUDA persistent expert cache flushed (model load generation changed)
ds4: CUDA persistent expert cache flushed (model load generation changed)
ds4: CUDA persistent expert cache flushed (model load generation changed)
ds4: CUDA loading model tensors 13.06 GiB cached
ds4: CUDA persistent expert cache flushed (model load generation changed)
ds4: CUDA persistent expert cache flushed (model load generation changed)
ds4: CUDA persistent expert cache flushed (model load generation changed)
ds4: CUDA persistent expert cache flushed (model load generation changed)
ds4: CUDA persistent expert cache flushed (model load generation changed)
ds4: CUDA persistent expert cache flushed (model load generation changed)
ds4: CUDA persistent expert cache flushed (model load generation changed)
ds4: CUDA persistent expert cache flushed (model load generation changed)
ds4: CUDA persistent expert cache flushed (model load generation changed)
ds4: CUDA persistent expert cache flushed (model load generation changed)
ds4: CUDA persistent expert cache flushed (model load generation changed)
ds4: CUDA persistent expert cache flushed (model load generation changed)
ds4: CUDA persistent expert cache flushed (model load generation changed)
ds4: CUDA persistent expert cache flushed (model load generation changed)
ds4: CUDA loading model tensors 16.00 GiB cached
ds4: CUDA persistent expert cache flushed (model load generation changed)
ds4: CUDA persistent expert cache flushed (model load generation changed)
ds4: CUDA persistent expert cache flushed (model load generation changed)
ds4: CUDA persistent expert cache flushed (model load generation changed)
ds4: CUDA persistent expert cache flushed (model load generation changed)
ds4: CUDA persistent expert cache flushed (model load generation changed)
ds4: CUDA persistent expert cache flushed (model load generation changed)
ds4: CUDA persistent expert cache flushed (model load generation changed)
processing 8192 input tokens: 2048/8192 (25.0%)
ds4: CUDA persistent expert cache flushed (model load generation changed)
ds4: CUDA persistent expert cache flushed (model load generation changed)
ds4: CUDA persistent expert cache flushed (model load generation changed)
ds4: CUDA loading model tensors 17.65 GiB cached
ds4: CUDA persistent expert cache flushed (model load generation changed)
ds4: CUDA persistent expert cache flushed (model load generation changed)
ds4: CUDA persistent expert cache flushed (model load generation changed)
ds4: CUDA persistent expert cache flushed (model load generation changed)
ds4: CUDA persistent expert cache flushed (model load generation changed)
ds4: CUDA persistent expert cache flushed (model load generation changed)
ds4: CUDA persistent expert cache flushed (model load generation changed)
ds4: CUDA persistent expert cache flushed (model load generation changed)
ds4: CUDA persistent expert cache flushed (model load generation changed)
ds4: CUDA persistent expert cache flushed (model load generation changed)
ds4: CUDA persistent expert cache flushed (model load generation changed)
ds4: CUDA persistent expert cache flushed (model load generation changed)
ds4: CUDA loading model tensors 17.67 GiB cached
ds4: CUDA persistent expert cache flushed (model load generation changed)
ds4: CUDA persistent expert cache flushed (model load generation changed)
ds4: CUDA persistent expert cache flushed (model load generation changed)
ds4: CUDA persistent expert cache flushed (model load generation changed)
ds4: CUDA persistent expert cache flushed (model load generation changed)
ds4: CUDA persistent expert cache flushed (model load generation changed)
ds4: CUDA persistent expert cache flushed (model load generation changed)
ds4: CUDA persistent expert cache flushed (model load generation changed)
ds4: CUDA persistent expert cache flushed (model load generation changed)
ds4: CUDA persistent expert cache flushed (model load generation changed)
ds4: CUDA persistent expert cache flushed (model load generation changed)
ds4: CUDA persistent expert cache flushed (model load generation changed)
ds4: CUDA loading model tensors 17.70 GiB cached
ds4: CUDA persistent expert cache flushed (model load generation changed)
ds4: CUDA persistent expert cache flushed (model load generation changed)
ds4: CUDA persistent expert cache flushed (model load generation changed)
ds4: CUDA persistent expert cache flushed (model load generation changed)
ds4: CUDA persistent expert cache flushed (model load generation changed)
ds4: CUDA persistent expert cache flushed (model load generation changed)
ds4: CUDA persistent expert cache flushed (model load generation changed)
ds4: CUDA persistent expert cache flushed (model load generation changed)
ds4: CUDA persistent expert cache flushed (model load generation changed)
ds4: CUDA persistent expert cache flushed (model load generation changed)
ds4: CUDA persistent expert cache flushed (model load generation changed)
ds4: CUDA persistent expert cache flushed (model load generation changed)
ds4: CUDA loading model tensors 17.73 GiB cached
ds4: CUDA persistent expert cache flushed (model load generation changed)
ds4: CUDA persistent expert cache flushed (model load generation changed)
ds4: CUDA persistent expert cache flushed (model load generation changed)
ds4: CUDA persistent expert cache flushed (model load generation changed)
ds4: CUDA persistent expert cache flushed (model load generation changed)
ds4: CUDA persistent expert cache flushed (model load generation changed)
ds4: CUDA persistent expert cache flushed (model load generation changed)
ds4: CUDA persistent expert cache flushed (model load generation changed)
ds4: CUDA persistent expert cache flushed (model load generation changed)
ds4: CUDA persistent expert cache flushed (model load generation changed)
ds4: CUDA persistent expert cache flushed (model load generation changed)
ds4: CUDA persistent expert cache flushed (model load generation changed)
ds4: CUDA loading model tensors 17.76 GiB cached
ds4: CUDA persistent expert cache flushed (model load generation changed)
ds4: CUDA persistent expert cache flushed (model load generation changed)
ds4: CUDA persistent expert cache flushed (model load generation changed)
ds4: CUDA persistent expert cache flushed (model load generation changed)
ds4: CUDA persistent expert cache flushed (model load generation changed)
ds4: CUDA persistent expert cache flushed (model load generation changed)
ds4: CUDA persistent expert cache flushed (model load generation changed)
ds4: CUDA persistent expert cache flushed (model load generation changed)
ds4: CUDA persistent expert cache flushed (model load generation changed)
ds4: CUDA persistent expert cache flushed (model load generation changed)
ds4: CUDA persistent expert cache flushed (model load generation changed)
ds4: CUDA persistent expert cache flushed (model load generation changed)
ds4: CUDA loading model tensors 17.78 GiB cached
ds4: CUDA persistent expert cache flushed (model load generation changed)
ds4: CUDA persistent expert cache flushed (model load generation changed)
ds4: CUDA persistent expert cache flushed (model load generation changed)
ds4: CUDA persistent expert cache flushed (model load generation changed)
ds4: CUDA persistent expert cache flushed (model load generation changed)
ds4: CUDA persistent expert cache flushed (model load generation changed)
ds4: CUDA persistent expert cache flushed (model load generation changed)
ds4: CUDA persistent expert cache flushed (model load generation changed)
ds4: CUDA persistent expert cache flushed (model load generation changed)
ds4: CUDA persistent expert cache flushed (model load generation changed)
ds4: CUDA persistent expert cache flushed (model load generation changed)
ds4: CUDA persistent expert cache flushed (model load generation changed)
processing 8192 input tokens: 6144/8192 (75.0%)
ds4: CUDA persistent expert cache flushed (model load generation changed)
ds4: CUDA persistent expert cache flushed (model load generation changed)
ds4: CUDA persistent expert cache flushed (model load generation changed)
ds4: CUDA persistent expert cache flushed (model load generation changed)
ds4: CUDA persistent expert cache flushed (model load generation changed)
ds4: CUDA persistent expert cache flushed (model load generation changed)
ds4: CUDA persistent expert cache flushed (model load generation changed)
ds4: CUDA persistent expert cache flushed (model load generation changed)
ds4: CUDA persistent expert cache flushed (model load generation changed)
ds4: CUDA persistent expert cache flushed (model load generation changed)
ds4: CUDA persistent expert cache flushed (model load generation changed)
ds4: CUDA persistent expert cache flushed (model load generation changed)
ds4: CUDA persistent expert cache flushed (model load generation changed)
ds4: CUDA persistent expert cache flushed (model load generation changed)
ds4: CUDA persistent expert cache flushed (model load generation changed)
ds4: CUDA persistent expert cache flushed (model load generation changed)
ds4: CUDA persistent expert cache flushed (model load generation changed)
ds4: CUDA persistent expert cache flushed (model load generation changed)
ds4: CUDA persistent expert cache flushed (model load generation changed)
ds4: CUDA persistent expert cache flushed (model load generation changed)
ds4: CUDA persistent expert cache flushed (model load generation changed)
ds4: CUDA persistent expert cache flushed (model load generation changed)
ds4: CUDA persistent expert cache flushed (model load generation changed)
ds4: CUDA persistent expert cache flushed (model load generation changed)
ds4: CUDA persistent expert cache flushed (model load generation changed)
ds4: CUDA persistent expert cache flushed (model load generation changed)
ds4: CUDA persistent expert cache flushed (model load generation changed)
ds4: CUDA persistent expert cache flushed (model load generation changed)
ds4: CUDA persistent expert cache flushed (model load generation changed)
ds4: CUDA persistent expert cache flushed (model load generation changed)
ds4: CUDA persistent expert cache flushed (model load generation changed)
ds4: CUDA persistent expert cache flushed (model load generation changed)
ds4: CUDA persistent expert cache flushed (model load generation changed)
ds4: CUDA persistent expert cache flushed (model load generation changed)
ds4: CUDA persistent expert cache flushed (model load generation changed)
ds4: CUDA persistent expert cache flushed (model load generation changed)
ds4: CUDA persistent expert cache flushed (model load generation changed)
ds4: CUDA persistent expert cache flushed (model load generation changed)
ds4: CUDA persistent expert cache flushed (model load generation changed)
ds4: CUDA persistent expert cache flushed (model load generation changed)
ds4: CUDA persistent expert cache flushed (model load generation changed)
ds4: CUDA persistent expert cache flushed (model load generation changed)
ds4: CUDA persistent expert cache flushed (model load generation changed)
ds4: CUDA persistent expert cache flushed (model load generation changed)
ds4: CUDA persistent expert cache flushed (model load generation changed)
ds4: CUDA persistent expert cache flushed (model load generation changed)
ds4: CUDA persistent expert cache flushed (model load generation changed)
ds4: CUDA persistent expert cache flushed (model load generation changed)
ds4: CUDA persistent expert cache flushed (model load generation changed)
ds4: CUDA persistent expert cache flushed (model load generation changed)
ds4: CUDA persistent expert cache flushed (model load generation changed)
ds4: CUDA persistent expert cache flushed (model load generation changed)
ds4: CUDA persistent expert cache flushed (model load generation changed)
ds4: CUDA persistent expert cache flushed (model load generation changed)
ds4: CUDA persistent expert cache flushed (model load generation changed)
ds4: CUDA persistent expert cache flushed (model load generation changed)
ds4: CUDA persistent expert cache flushed (model load generation changed)
ds4: CUDA persistent expert cache flushed (model load generation changed)
ds4: CUDA persistent expert cache flushed (model load generation changed)
ds4: CUDA persistent expert cache flushed (model load generation changed)
ds4: CUDA persistent expert cache flushed (model load generation changed)
ds4: CUDA persistent expert cache flushed (model load generation changed)
ds4: CUDA persistent expert cache flushed (model load generation changed)
ds4: CUDA persistent expert cache flushed (model load generation changed)
ds4: CUDA persistent expert cache flushed (model load generation changed)
ds4: CUDA persistent expert cache flushed (model load generation changed)
ds4: CUDA persistent expert cache flushed (model load generation changed)
ds4: CUDA persistent expert cache flushed (model load generation changed)
ds4: CUDA persistent expert cache flushed (model load generation changed)
ds4: CUDA persistent expert cache flushed (model load generation changed)
ds4: CUDA persistent expert cache flushed (model load generation changed)
ds4: CUDA persistent expert cache flushed (model load generation changed)
ds4: CUDA persistent expert cache flushed (model load generation changed)
ds4: CUDA persistent expert cache flushed (model load generation changed)
ds4: CUDA persistent expert cache flushed (model load generation changed)
ds4: CUDA loading model tensors 17.80 GiB cached
processing 8192 input tokens: 8192/8192 (100.0%)
ds4: prefill logits dumped to /home/bmarti44/.local/state/glm52-w9-real-capture/attempt-73838408ccb1d126ade7b67c8d86fa00/off/logits.sync1.start0.prompt8192.suffix8192
