2026-09-09T02:18:19,890808795+00:00 SAFE_RUN start tag=glm53-deps-runtime vlimit_kb=419430400 kill_floor_gib=18 min_start_gib=110 timeout_s=600 allow_cgroup_high=0
2026-09-09T02:18:19,895703486+00:00 cmd: /usr/bin/env MAX_JOBS=2 CMAKE_BUILD_PARALLEL_LEVEL=2 NVCC_THREADS=1 MAKEFLAGS=-j2 /home/bmarti44/.local/bin/uv pip compile --generate-hashes --no-annotate --no-header --python-version 3.12 --python-platform aarch64-manylinux_2_39 --index-strategy unsafe-best-match --extra-index-url https://download.pytorch.org/whl/cu130 /home/bmarti44/.cache/glm53-flash/dependency-audit/requirements-runtime.in --output-file /home/bmarti44/.cache/glm53-flash/dependency-audit/requirements-runtime.lock
2026-09-09T02:18:19,901928759+00:00 host: spark-aba1 kernel: 6.17.0-1026-nvidia
2026-09-09T02:18:19,905830598+00:00 candidate_provenance_enabled=0
2026-09-09T02:18:19,913217667+00:00 cgroup_verified path=/user.slice/user-1000.slice/user@1000.service/app.slice/glm52-glm53-deps-runtime-406160.service memory_high=96599015424 memory_max=100893982720 memory_swap_max=0 memory_oom_group=1
MemTotal:       125483612 kB
MemAvailable:   121596812 kB
{"pass":true,"required_gib":110.0,"mem_available_gib":115.96,"stable_samples_observed":3}
2026-09-09T02:18:22,492624650+00:00 wrapper_pid=406237 engine_pid=406239 pgid=406237 (periodic sampler; actual cadence in samples.log)
2026-09-09T02:18:23,068665370+00:00 cgroup_final current_bytes=95432704 peak_bytes=356069376 swap_current_bytes=0 events=low 0,high 0,max 0,oom 0,oom_kill 0,oom_group_kill 0,
    --hash=sha256:e81b83143bee16329c23db3c1b2d82b29892fcbcb849186d2f6e98a5abe9a57f \
    --hash=sha256:e8ffa78582120024f476a611d7befc123cee59e47e8309d470cf667d806e613b \
    --hash=sha256:ebb0ec7f17803063d5aeb982f3b1bd2b2f4e4fae6751226cbd6ba1fcfe9e63ff \
    --hash=sha256:f08c7513ecef5aad65687bfdf6bc601ae9fccd04a42904501f8f7141abad9eb9 \
    --hash=sha256:f0a658a6d3fafee5c6f63c58f3e785c8c43c93fbc02bf9f2b6663f8185e0971f \
    --hash=sha256:f0e466ed7511fe9d459a819edbc6c2585c0b6eabde9fa8a8947552468a7a6ef0 \
    --hash=sha256:f141474e85b7e54998ec5180530a7cda99ab29e282fa50e0756d89981a9b43c5 \
    --hash=sha256:f4239bbec5a3577ddb49e4b50aeb32d8e5792098262ae2f63723f916a29b1a25 \
    --hash=sha256:f540c013589084679a6c7fac07096b10159737918174f5dfc5e11bf5bca4dfe6 \
    --hash=sha256:f9f3e9c8a9ecffa57bef8fb4fa19e5fa4d2d8307cf6bac5b1fca5e5860f4ba00 \
    --hash=sha256:fa139875ff98ab97da323cfadfaff08900d1ad42f1b5087b0b812a55c5a06373 \
    --hash=sha256:fcd3b77e2f17bbe4ca56ec7bcb07992647d19d0b9c05d84886dcd6f9eb810afd \
    --hash=sha256:fd8c81f346b58f45818d09ea11db69a8d5fd34a224b79871f6d44f12cd7977b1 \
    --hash=sha256:fe7b7bb170daccbba19ad33012d2b15f1e7942296fd4d45fc1b79013da8cc0f2 \
    --hash=sha256:ff330d3c30db4eb6b01d79e29d2d0b407a7ecad39cfd9ec993ece57396a2ec0d \
    --hash=sha256:ff405d91509d88e8d44129cd87b18d70acd1f0c1aeabd7bc3c46792b1fe2acba \
    --hash=sha256:ffcd54362564dc1a30fb74d8b8a6e5a6b11ebd5e27266adc3b7427a21a6c9104
z3-solver==4.15.4.0 \
    --hash=sha256:00bd10c5a6a5f6112d3a9a810d0799227e52f76caa860dafa5e00966bb47eb13 \
    --hash=sha256:00e35b02632ed085ea8199fb230f6015e6fc40554a6680c097bd5f060e827431 \
    --hash=sha256:407e825cc9211f95ef46bdc8d151bf630e7ab2d62a21d24cd74c09cc5b73f3aa \
    --hash=sha256:62c7e9cbdd711932301f29919ad9158de9b2f58b4d281dd259bbcd0a2f408ba1 \
    --hash=sha256:7e103a6f203f505b8b8b8e5c931cc407c95b61556512d4921c1ddc0b3f41b08e \
    --hash=sha256:928c29b58c4eb62106da51c1914f6a4a55d0441f8f48a81b9da07950434a8946 \
    --hash=sha256:be3bc916545c96ffbf89e00d07104ff14f78336e55db069177a1bfbcc01b269d
2026-09-09T02:18:23,106600576+00:00 safety_artifact_verified name=samples.log sha256=e4fb11c8f2c67b7ca859659b39eaa8bdf32c5e84360c6d07b343759f91e66cdb size=363
2026-09-09T02:18:23,115611507+00:00 safety_artifact_verified name=kernel.log sha256=19c4e28b2f54ea8f217db4e622b0a5c758efa7b77ce2dc0394b6d159568c0b2e size=17
2026-09-09T02:18:23,120105285+00:00 SAFE_RUN end rc=0 killed=no (124=timeout, 137=SIGKILL/ENOMEM-adjacent)
MemAvailable:   121437204 kB
