ts=2026-07-27T01:21:16Z mem_available_gib=23.21
ts=2026-07-27T01:21:26Z mem_available_gib=23.21
ts=2026-07-27T01:21:36Z mem_available_gib=23.21
ts=2026-07-27T01:21:46Z mem_available_gib=23.18
ts=2026-07-27T01:21:56Z mem_available_gib=23.18
ts=2026-07-27T01:22:06Z mem_available_gib=23.22
ts=2026-07-27T01:22:16Z mem_available_gib=23.20
ts=2026-07-27T01:22:26Z mem_available_gib=23.20
ts=2026-07-27T01:22:36Z mem_available_gib=23.17
ts=2026-07-27T01:22:46Z mem_available_gib=23.20
ts=2026-07-27T01:22:56Z mem_available_gib=23.20
ts=2026-07-27T01:23:07Z mem_available_gib=23.20
ts=2026-07-27T01:23:17Z mem_available_gib=23.15
ts=2026-07-27T01:23:27Z mem_available_gib=23.20
ts=2026-07-27T01:23:37Z mem_available_gib=23.18
ts=2026-07-27T01:23:47Z mem_available_gib=23.17
ts=2026-07-27T01:23:57Z mem_available_gib=23.21
ts=2026-07-27T01:24:07Z mem_available_gib=23.20
ts=2026-07-27T01:24:17Z mem_available_gib=23.17
ts=2026-07-27T01:24:27Z mem_available_gib=23.16
ts=2026-07-27T01:24:37Z mem_available_gib=22.71
ts=2026-07-27T01:24:47Z mem_available_gib=22.71
ts=2026-07-27T01:24:57Z mem_available_gib=22.70
ts=2026-07-27T01:25:07Z mem_available_gib=22.69
ts=2026-07-27T01:25:17Z mem_available_gib=22.63
ts=2026-07-27T01:25:28Z mem_available_gib=22.66
ts=2026-07-27T01:25:38Z mem_available_gib=22.66
ts=2026-07-27T01:25:48Z mem_available_gib=22.66
ts=2026-07-27T01:25:58Z mem_available_gib=22.66
ts=2026-07-27T01:26:08Z mem_available_gib=22.65
ts=2026-07-27T01:26:18Z mem_available_gib=22.63
ts=2026-07-27T01:26:28Z mem_available_gib=22.66
ts=2026-07-27T01:26:38Z mem_available_gib=22.66
ts=2026-07-27T01:26:48Z mem_available_gib=22.66
ts=2026-07-27T01:26:58Z mem_available_gib=22.66
ts=2026-07-27T01:27:08Z mem_available_gib=22.64
ts=2026-07-27T01:27:18Z mem_available_gib=22.63
ts=2026-07-27T01:27:28Z mem_available_gib=22.63
ts=2026-07-27T01:27:38Z mem_available_gib=22.66
ts=2026-07-27T01:27:49Z mem_available_gib=22.66
ts=2026-07-27T01:27:59Z mem_available_gib=22.63
ts=2026-07-27T01:28:09Z mem_available_gib=22.65
ts=2026-07-27T01:28:19Z mem_available_gib=22.64
ts=2026-07-27T01:28:29Z mem_available_gib=22.61
ts=2026-07-27T01:28:39Z mem_available_gib=22.65
ts=2026-07-27T01:28:49Z mem_available_gib=22.65
ts=2026-07-27T01:28:59Z mem_available_gib=22.65
ts=2026-07-27T01:29:09Z mem_available_gib=22.64
ts=2026-07-27T01:29:19Z mem_available_gib=22.64
ts=2026-07-27T01:29:29Z mem_available_gib=22.64
ts=2026-07-27T01:29:39Z mem_available_gib=22.66
ts=2026-07-27T01:29:49Z mem_available_gib=22.66
ts=2026-07-27T01:30:00Z mem_available_gib=22.66
ts=2026-07-27T01:30:10Z mem_available_gib=22.64
ts=2026-07-27T01:30:20Z mem_available_gib=22.66
ts=2026-07-27T01:30:30Z mem_available_gib=22.67
ts=2026-07-27T01:30:40Z mem_available_gib=22.66
ts=2026-07-27T01:30:50Z mem_available_gib=22.60
ts=2026-07-27T01:31:00Z mem_available_gib=22.65
ts=2026-07-27T01:31:10Z mem_available_gib=22.61
ts=2026-07-27T01:31:20Z mem_available_gib=22.65
ts=2026-07-27T01:31:30Z mem_available_gib=22.65
ts=2026-07-27T01:31:40Z mem_available_gib=22.65
ts=2026-07-27T01:31:50Z mem_available_gib=22.62
ts=2026-07-27T01:32:00Z mem_available_gib=22.62
ts=2026-07-27T01:32:10Z mem_available_gib=22.09
ts=2026-07-27T01:32:21Z mem_available_gib=21.73
ts=2026-07-27T01:32:31Z mem_available_gib=21.77
ts=2026-07-27T01:32:41Z mem_available_gib=21.76
ts=2026-07-27T01:32:51Z mem_available_gib=21.76
ts=2026-07-27T01:33:01Z mem_available_gib=21.74
ts=2026-07-27T01:33:11Z mem_available_gib=21.72
ts=2026-07-27T01:33:21Z mem_available_gib=21.72
ts=2026-07-27T01:33:31Z mem_available_gib=21.73
ts=2026-07-27T01:33:41Z mem_available_gib=21.73
ts=2026-07-27T01:33:51Z mem_available_gib=21.73
ts=2026-07-27T01:34:01Z mem_available_gib=21.73
ts=2026-07-27T01:34:11Z mem_available_gib=21.74
ts=2026-07-27T01:34:21Z mem_available_gib=21.71
ts=2026-07-27T01:34:32Z mem_available_gib=21.58
ts=2026-07-27T01:34:42Z mem_available_gib=21.70
ts=2026-07-27T01:34:52Z mem_available_gib=21.70
ts=2026-07-27T01:35:02Z mem_available_gib=21.70
ts=2026-07-27T01:35:12Z mem_available_gib=21.72
ts=2026-07-27T01:35:22Z mem_available_gib=21.72
ts=2026-07-27T01:35:32Z mem_available_gib=21.72
ts=2026-07-27T01:35:42Z mem_available_gib=21.69
ts=2026-07-27T01:35:52Z mem_available_gib=21.72
ts=2026-07-27T01:36:02Z mem_available_gib=21.72
ts=2026-07-27T01:36:12Z mem_available_gib=21.72
ts=2026-07-27T01:36:22Z mem_available_gib=21.72
ts=2026-07-27T01:36:32Z mem_available_gib=21.72
ts=2026-07-27T01:36:42Z mem_available_gib=21.72
ts=2026-07-27T01:36:53Z mem_available_gib=21.69
ts=2026-07-27T01:37:03Z mem_available_gib=21.69
ts=2026-07-27T01:37:13Z mem_available_gib=21.72
ts=2026-07-27T01:37:23Z mem_available_gib=21.68
ts=2026-07-27T01:37:33Z mem_available_gib=21.67
ts=2026-07-27T01:37:43Z FAIL_CLOSED reason=missing_invalid_or_unverifiable_armed_target target_pid=2713164 target_pgid=2713053 target_start_ticks=16204646
ts=2026-07-27T01:37:44Z START target_file=/run/dsv4/llamacpp.engine.target threshold_gib=12
ts=2026-07-27T01:37:45Z ARMED target_pid=3167949 target_pgid=3167949 target_start_ticks=17623634 target_role=provisional
ts=2026-07-27T01:37:46Z ARMED target_pid=3168060 target_pgid=3167949 target_start_ticks=17623734 target_role=engine
ts=2026-07-27T01:37:53Z mem_available_gib=114.10
ts=2026-07-27T01:38:03Z mem_available_gib=114.07
ts=2026-07-27T01:38:13Z mem_available_gib=114.04
ts=2026-07-27T01:38:23Z mem_available_gib=113.98
ts=2026-07-27T01:38:33Z mem_available_gib=91.38
ts=2026-07-27T01:38:43Z mem_available_gib=82.20
ts=2026-07-27T01:38:53Z mem_available_gib=71.96
ts=2026-07-27T01:39:04Z mem_available_gib=61.73
ts=2026-07-27T01:39:14Z mem_available_gib=51.47
ts=2026-07-27T01:39:24Z mem_available_gib=40.21
ts=2026-07-27T01:39:35Z mem_available_gib=28.77
ts=2026-07-27T01:39:45Z mem_available_gib=24.05
ts=2026-07-27T01:39:55Z mem_available_gib=24.06
ts=2026-07-27T01:40:05Z mem_available_gib=23.56
ts=2026-07-27T01:40:15Z mem_available_gib=23.59
ts=2026-07-27T01:40:25Z mem_available_gib=24.01
ts=2026-07-27T01:40:35Z mem_available_gib=23.99
ts=2026-07-27T01:40:45Z mem_available_gib=24.04
ts=2026-07-27T01:40:55Z mem_available_gib=23.60
ts=2026-07-27T01:41:05Z mem_available_gib=23.62
ts=2026-07-27T01:41:15Z mem_available_gib=24.01
ts=2026-07-27T01:41:25Z mem_available_gib=24.12
ts=2026-07-27T01:41:36Z mem_available_gib=24.12
ts=2026-07-27T01:41:46Z mem_available_gib=24.14
ts=2026-07-27T01:41:56Z mem_available_gib=24.14
ts=2026-07-27T01:42:06Z mem_available_gib=24.12
ts=2026-07-27T01:42:16Z mem_available_gib=24.09
ts=2026-07-27T01:42:26Z mem_available_gib=24.10
ts=2026-07-27T01:42:36Z mem_available_gib=24.10
ts=2026-07-27T01:42:46Z mem_available_gib=24.12
ts=2026-07-27T01:42:56Z mem_available_gib=23.58
ts=2026-07-27T01:43:06Z mem_available_gib=24.11
ts=2026-07-27T01:43:16Z mem_available_gib=24.10
ts=2026-07-27T01:43:26Z mem_available_gib=24.10
ts=2026-07-27T01:43:36Z mem_available_gib=23.84
ts=2026-07-27T01:43:46Z mem_available_gib=23.53
ts=2026-07-27T01:43:56Z mem_available_gib=23.56
ts=2026-07-27T01:44:07Z mem_available_gib=24.11
ts=2026-07-27T01:44:17Z mem_available_gib=23.56
ts=2026-07-27T01:44:27Z mem_available_gib=24.11
ts=2026-07-27T01:44:37Z mem_available_gib=23.60
ts=2026-07-27T01:44:47Z mem_available_gib=24.12
ts=2026-07-27T01:44:57Z mem_available_gib=23.58
ts=2026-07-27T01:45:07Z mem_available_gib=22.99
ts=2026-07-27T01:45:17Z mem_available_gib=22.45
ts=2026-07-27T01:45:21Z DISARMED target_pid=3168060 target_pgid=3167949 target_start_ticks=17623734 target_role=engine
ts=2026-07-27T01:45:31Z START target_file=/run/dsv4/llamacpp.engine.target threshold_gib=12
ts=2026-07-27T01:45:33Z ARMED target_pid=3172037 target_pgid=3172037 target_start_ticks=17670422 target_role=provisional
ts=2026-07-27T01:45:34Z ARMED target_pid=3172147 target_pgid=3172037 target_start_ticks=17670521 target_role=engine
ts=2026-07-27T01:45:41Z mem_available_gib=114.88
ts=2026-07-27T01:45:51Z mem_available_gib=114.53
ts=2026-07-27T01:46:01Z mem_available_gib=114.54
ts=2026-07-27T01:46:11Z mem_available_gib=89.46
ts=2026-07-27T01:46:21Z mem_available_gib=81.84
ts=2026-07-27T01:46:32Z mem_available_gib=69.97
ts=2026-07-27T01:46:42Z mem_available_gib=60.28
ts=2026-07-27T01:46:52Z mem_available_gib=49.96
ts=2026-07-27T01:47:03Z mem_available_gib=39.11
ts=2026-07-27T01:47:13Z mem_available_gib=28.32
ts=2026-07-27T01:47:23Z mem_available_gib=24.11
ts=2026-07-27T01:47:33Z mem_available_gib=24.13
ts=2026-07-27T01:47:43Z mem_available_gib=23.59
ts=2026-07-27T01:47:54Z mem_available_gib=23.61
ts=2026-07-27T01:48:04Z mem_available_gib=23.60
ts=2026-07-27T01:48:14Z mem_available_gib=23.63
ts=2026-07-27T01:48:24Z mem_available_gib=23.61
ts=2026-07-27T01:48:34Z mem_available_gib=23.58
ts=2026-07-27T01:48:44Z mem_available_gib=23.81
ts=2026-07-27T01:48:54Z mem_available_gib=23.70
ts=2026-07-27T01:49:04Z mem_available_gib=23.67
ts=2026-07-27T01:49:14Z mem_available_gib=24.14
ts=2026-07-27T01:49:24Z mem_available_gib=24.18
ts=2026-07-27T01:49:34Z mem_available_gib=23.95
ts=2026-07-27T01:49:44Z mem_available_gib=24.15
ts=2026-07-27T01:49:55Z mem_available_gib=23.64
ts=2026-07-27T01:50:05Z mem_available_gib=23.65
ts=2026-07-27T01:50:15Z mem_available_gib=24.17
ts=2026-07-27T01:50:25Z mem_available_gib=24.07
ts=2026-07-27T01:50:35Z mem_available_gib=23.63
ts=2026-07-27T01:50:45Z mem_available_gib=24.15
ts=2026-07-27T01:50:55Z mem_available_gib=23.65
ts=2026-07-27T01:51:05Z mem_available_gib=23.65
ts=2026-07-27T01:51:15Z mem_available_gib=24.17
ts=2026-07-27T01:51:25Z mem_available_gib=24.20
ts=2026-07-27T01:51:35Z mem_available_gib=23.69
ts=2026-07-27T01:51:46Z mem_available_gib=23.68
ts=2026-07-27T01:51:56Z mem_available_gib=23.69
ts=2026-07-27T01:52:06Z mem_available_gib=24.18
ts=2026-07-27T01:52:16Z mem_available_gib=24.27
ts=2026-07-27T01:52:18Z EMERGENCY_STOP signal=TERM target_pid=3172147 target_pgid=3172037 target_role=engine
ts=2026-07-27T01:54:00Z START target_file=/run/dsv4/llamacpp.engine.target threshold_gib=18
ts=2026-07-27T01:54:01Z ARMED target_pid=3176808 target_pgid=3176808 target_start_ticks=17721230 target_role=provisional
ts=2026-07-27T01:54:02Z ARMED target_pid=3176919 target_pgid=3176808 target_start_ticks=17721330 target_role=engine
ts=2026-07-27T01:54:09Z mem_available_gib=114.53
ts=2026-07-27T01:54:19Z mem_available_gib=114.49
ts=2026-07-27T01:54:29Z mem_available_gib=114.48
ts=2026-07-27T01:54:39Z mem_available_gib=88.35
ts=2026-07-27T01:54:50Z mem_available_gib=77.30
ts=2026-07-27T01:55:01Z mem_available_gib=67.29
ts=2026-07-27T01:55:11Z mem_available_gib=56.15
ts=2026-07-27T01:55:21Z mem_available_gib=44.60
ts=2026-07-27T01:55:32Z mem_available_gib=32.97
ts=2026-07-27T01:55:42Z mem_available_gib=24.09
ts=2026-07-27T01:55:52Z mem_available_gib=23.70
ts=2026-07-27T01:56:02Z mem_available_gib=24.18
ts=2026-07-27T01:56:12Z mem_available_gib=23.65
ts=2026-07-27T01:56:22Z mem_available_gib=23.65
ts=2026-07-27T01:56:33Z mem_available_gib=23.65
ts=2026-07-27T01:56:43Z mem_available_gib=24.13
ts=2026-07-27T01:56:53Z mem_available_gib=23.71
ts=2026-07-27T01:57:03Z mem_available_gib=23.72
ts=2026-07-27T01:57:13Z mem_available_gib=24.21
ts=2026-07-27T01:57:23Z mem_available_gib=24.16
ts=2026-07-27T01:57:33Z mem_available_gib=23.71
ts=2026-07-27T01:57:43Z mem_available_gib=23.69
ts=2026-07-27T01:57:53Z mem_available_gib=23.70
ts=2026-07-27T01:58:03Z mem_available_gib=24.22
ts=2026-07-27T01:58:13Z mem_available_gib=24.20
ts=2026-07-27T01:58:24Z mem_available_gib=23.93
ts=2026-07-27T01:58:34Z mem_available_gib=23.73
ts=2026-07-27T01:58:44Z mem_available_gib=23.64
ts=2026-07-27T01:58:54Z mem_available_gib=23.64
ts=2026-07-27T01:59:04Z mem_available_gib=23.63
ts=2026-07-27T01:59:14Z mem_available_gib=23.65
ts=2026-07-27T01:59:24Z mem_available_gib=24.15
ts=2026-07-27T01:59:34Z mem_available_gib=23.69
ts=2026-07-27T01:59:44Z mem_available_gib=23.83
ts=2026-07-27T01:59:54Z mem_available_gib=24.19
ts=2026-07-27T02:00:04Z mem_available_gib=23.69
ts=2026-07-27T02:00:15Z mem_available_gib=23.66
ts=2026-07-27T02:00:25Z mem_available_gib=24.20
ts=2026-07-27T02:00:35Z mem_available_gib=23.60
ts=2026-07-27T02:00:45Z mem_available_gib=23.56
ts=2026-07-27T02:00:55Z mem_available_gib=23.55
ts=2026-07-27T02:01:05Z mem_available_gib=23.54
ts=2026-07-27T02:01:15Z mem_available_gib=23.53
ts=2026-07-27T02:01:25Z mem_available_gib=23.52
ts=2026-07-27T02:01:35Z mem_available_gib=23.46
ts=2026-07-27T02:01:45Z mem_available_gib=23.47
ts=2026-07-27T02:01:55Z mem_available_gib=23.47
ts=2026-07-27T02:02:01Z FAIL_CLOSED reason=missing_invalid_or_unverifiable_armed_target target_pid=3176919 target_pgid=3176808 target_start_ticks=17721330
ts=2026-07-27T02:02:08Z START target_file=/run/dsv4/llamacpp.engine.target threshold_gib=18
ts=2026-07-27T02:02:09Z ARMED target_pid=3181201 target_pgid=3181201 target_start_ticks=17770048 target_role=provisional
ts=2026-07-27T02:02:10Z ARMED target_pid=3181310 target_pgid=3181201 target_start_ticks=17770146 target_role=engine
ts=2026-07-27T02:02:17Z mem_available_gib=115.03
ts=2026-07-27T02:02:27Z mem_available_gib=114.51
ts=2026-07-27T02:02:37Z mem_available_gib=114.50
ts=2026-07-27T02:02:47Z mem_available_gib=90.64
ts=2026-07-27T02:02:58Z mem_available_gib=83.20
ts=2026-07-27T02:03:08Z mem_available_gib=72.36
ts=2026-07-27T02:03:18Z mem_available_gib=60.99
ts=2026-07-27T02:03:29Z mem_available_gib=50.11
ts=2026-07-27T02:03:39Z mem_available_gib=39.58
ts=2026-07-27T02:03:49Z mem_available_gib=28.79
ts=2026-07-27T02:03:59Z mem_available_gib=24.17
ts=2026-07-27T02:04:09Z mem_available_gib=24.18
ts=2026-07-27T02:04:20Z mem_available_gib=23.87
ts=2026-07-27T02:04:30Z mem_available_gib=23.67
ts=2026-07-27T02:04:40Z mem_available_gib=23.69
ts=2026-07-27T02:04:50Z mem_available_gib=23.67
ts=2026-07-27T02:05:00Z mem_available_gib=24.15
ts=2026-07-27T02:05:10Z mem_available_gib=24.16
ts=2026-07-27T02:05:20Z mem_available_gib=24.18
ts=2026-07-27T02:05:30Z mem_available_gib=24.14
ts=2026-07-27T02:05:40Z mem_available_gib=24.18
ts=2026-07-27T02:05:50Z mem_available_gib=24.17
ts=2026-07-27T02:06:00Z mem_available_gib=24.20
ts=2026-07-27T02:06:10Z mem_available_gib=24.18
ts=2026-07-27T02:06:20Z mem_available_gib=23.69
ts=2026-07-27T02:06:30Z mem_available_gib=24.21
ts=2026-07-27T02:06:41Z mem_available_gib=24.17
ts=2026-07-27T02:06:51Z mem_available_gib=23.89
ts=2026-07-27T02:07:01Z mem_available_gib=24.16
ts=2026-07-27T02:07:11Z mem_available_gib=23.71
ts=2026-07-27T02:07:21Z mem_available_gib=23.68
ts=2026-07-27T02:07:31Z mem_available_gib=23.72
ts=2026-07-27T02:07:41Z mem_available_gib=23.71
ts=2026-07-27T02:07:51Z mem_available_gib=24.17
ts=2026-07-27T02:08:01Z mem_available_gib=24.18
ts=2026-07-27T02:08:11Z mem_available_gib=24.18
ts=2026-07-27T02:08:21Z mem_available_gib=24.22
ts=2026-07-27T02:08:31Z mem_available_gib=23.59
ts=2026-07-27T02:08:42Z mem_available_gib=23.60
ts=2026-07-27T02:08:47Z FAIL_CLOSED reason=missing_invalid_or_unverifiable_armed_target target_pid=3181310 target_pgid=3181201 target_start_ticks=17770146
ts=2026-07-27T02:08:53Z START target_file=/run/dsv4/llamacpp.engine.target threshold_gib=18
ts=2026-07-27T02:08:54Z ARMED target_pid=3184772 target_pgid=3184772 target_start_ticks=17810529 target_role=provisional
ts=2026-07-27T02:08:55Z ARMED target_pid=3184882 target_pgid=3184772 target_start_ticks=17810626 target_role=engine
ts=2026-07-27T02:09:02Z mem_available_gib=115.14
ts=2026-07-27T02:09:12Z mem_available_gib=115.10
ts=2026-07-27T02:09:22Z mem_available_gib=114.59
ts=2026-07-27T02:09:32Z mem_available_gib=89.91
ts=2026-07-27T02:09:42Z mem_available_gib=83.68
ts=2026-07-27T02:09:52Z mem_available_gib=74.57
ts=2026-07-27T02:10:02Z mem_available_gib=63.69
ts=2026-07-27T02:10:12Z mem_available_gib=53.71
ts=2026-07-27T02:10:22Z mem_available_gib=43.73
ts=2026-07-27T02:10:32Z mem_available_gib=33.79
ts=2026-07-27T02:10:42Z mem_available_gib=35.94
ts=2026-07-27T02:10:53Z mem_available_gib=23.71
ts=2026-07-27T02:11:03Z mem_available_gib=23.70
ts=2026-07-27T02:11:13Z mem_available_gib=23.64
ts=2026-07-27T02:11:23Z mem_available_gib=23.69
ts=2026-07-27T02:11:33Z mem_available_gib=23.97
ts=2026-07-27T02:11:43Z mem_available_gib=23.71
ts=2026-07-27T02:11:53Z mem_available_gib=23.69
ts=2026-07-27T02:12:03Z mem_available_gib=23.65
ts=2026-07-27T02:12:13Z mem_available_gib=23.72
ts=2026-07-27T02:12:23Z mem_available_gib=24.06
ts=2026-07-27T02:12:33Z mem_available_gib=24.22
ts=2026-07-27T02:12:43Z mem_available_gib=24.04
ts=2026-07-27T02:12:53Z mem_available_gib=23.76
ts=2026-07-27T02:13:03Z mem_available_gib=24.02
ts=2026-07-27T02:13:14Z mem_available_gib=24.22
ts=2026-07-27T02:13:24Z mem_available_gib=24.08
ts=2026-07-27T02:13:34Z mem_available_gib=24.18
ts=2026-07-27T02:13:44Z mem_available_gib=24.22
ts=2026-07-27T02:13:54Z mem_available_gib=23.97
ts=2026-07-27T02:14:04Z mem_available_gib=24.06
ts=2026-07-27T02:14:14Z mem_available_gib=24.16
ts=2026-07-27T02:14:24Z mem_available_gib=24.16
ts=2026-07-27T02:14:34Z mem_available_gib=24.08
ts=2026-07-27T02:14:44Z mem_available_gib=23.75
ts=2026-07-27T02:14:54Z mem_available_gib=23.75
ts=2026-07-27T02:15:04Z mem_available_gib=23.99
ts=2026-07-27T02:15:14Z mem_available_gib=23.70
ts=2026-07-27T02:15:24Z mem_available_gib=24.09
ts=2026-07-27T02:15:35Z mem_available_gib=23.73
ts=2026-07-27T02:15:45Z mem_available_gib=23.72
ts=2026-07-27T02:15:55Z mem_available_gib=23.51
ts=2026-07-27T02:16:05Z mem_available_gib=22.71
ts=2026-07-27T02:16:13Z FAIL_CLOSED reason=missing_invalid_or_unverifiable_armed_target target_pid=3184882 target_pgid=3184772 target_start_ticks=17810626
ts=2026-07-27T02:16:42Z START target_file=/run/dsv4/llamacpp.engine.target threshold_gib=18
ts=2026-07-27T02:16:43Z ARMED target_pid=3188756 target_pgid=3188756 target_start_ticks=17857480 target_role=provisional
ts=2026-07-27T02:16:44Z ARMED target_pid=3188865 target_pgid=3188756 target_start_ticks=17857578 target_role=engine
ts=2026-07-27T02:16:51Z mem_available_gib=115.04
ts=2026-07-27T02:17:01Z mem_available_gib=114.56
ts=2026-07-27T02:17:11Z mem_available_gib=114.54
ts=2026-07-27T02:17:22Z mem_available_gib=86.04
ts=2026-07-27T02:17:32Z mem_available_gib=75.54
ts=2026-07-27T02:17:42Z mem_available_gib=66.07
ts=2026-07-27T02:17:53Z mem_available_gib=55.52
ts=2026-07-27T02:18:03Z mem_available_gib=44.61
ts=2026-07-27T02:18:14Z mem_available_gib=34.21
ts=2026-07-27T02:18:24Z mem_available_gib=23.86
ts=2026-07-27T02:18:34Z mem_available_gib=24.19
ts=2026-07-27T02:18:44Z mem_available_gib=24.16
ts=2026-07-27T02:18:54Z mem_available_gib=24.16
ts=2026-07-27T02:19:04Z mem_available_gib=24.17
ts=2026-07-27T02:19:14Z mem_available_gib=24.19
ts=2026-07-27T02:19:24Z mem_available_gib=24.08
ts=2026-07-27T02:19:34Z mem_available_gib=23.70
ts=2026-07-27T02:19:44Z mem_available_gib=24.16
ts=2026-07-27T02:19:55Z mem_available_gib=24.20
ts=2026-07-27T02:20:05Z mem_available_gib=23.82
ts=2026-07-27T02:20:15Z mem_available_gib=23.89
ts=2026-07-27T02:20:20Z DISARMED target_pid=3188865 target_pgid=3188756 target_start_ticks=17857578 target_role=engine
ts=2026-07-27T02:20:23Z START target_file=/run/dsv4/llamacpp.engine.target threshold_gib=18
ts=2026-07-27T02:20:24Z ARMED target_pid=3190818 target_pgid=3190818 target_start_ticks=17879600 target_role=provisional
ts=2026-07-27T02:20:25Z ARMED target_pid=3190928 target_pgid=3190818 target_start_ticks=17879698 target_role=engine
ts=2026-07-27T02:20:32Z mem_available_gib=115.12
ts=2026-07-27T02:20:42Z mem_available_gib=115.10
ts=2026-07-27T02:20:52Z mem_available_gib=114.57
ts=2026-07-27T02:21:03Z mem_available_gib=85.73
ts=2026-07-27T02:21:15Z mem_available_gib=74.90
ts=2026-07-27T02:21:25Z mem_available_gib=62.36
ts=2026-07-27T02:21:36Z mem_available_gib=49.63
ts=2026-07-27T02:21:46Z mem_available_gib=37.00
ts=2026-07-27T02:21:57Z mem_available_gib=24.31
ts=2026-07-27T02:22:07Z mem_available_gib=23.85
ts=2026-07-27T02:22:17Z mem_available_gib=24.18
ts=2026-07-27T02:22:27Z mem_available_gib=24.18
ts=2026-07-27T02:22:37Z mem_available_gib=23.80
ts=2026-07-27T02:22:47Z mem_available_gib=24.25
ts=2026-07-27T02:22:57Z mem_available_gib=24.20
ts=2026-07-27T02:23:07Z mem_available_gib=24.20
ts=2026-07-27T02:23:17Z mem_available_gib=23.71
ts=2026-07-27T02:23:28Z mem_available_gib=23.95
ts=2026-07-27T02:23:38Z mem_available_gib=24.19
ts=2026-07-27T02:23:48Z mem_available_gib=23.73
ts=2026-07-27T02:23:58Z mem_available_gib=23.73
ts=2026-07-27T02:24:08Z mem_available_gib=23.74
ts=2026-07-27T02:24:18Z mem_available_gib=23.75
ts=2026-07-27T02:24:28Z mem_available_gib=23.80
ts=2026-07-27T02:24:38Z mem_available_gib=23.77
ts=2026-07-27T02:24:48Z mem_available_gib=23.76
ts=2026-07-27T02:24:58Z mem_available_gib=24.23
ts=2026-07-27T02:25:08Z mem_available_gib=24.23
ts=2026-07-27T02:25:18Z mem_available_gib=23.73
ts=2026-07-27T02:25:28Z mem_available_gib=23.77
ts=2026-07-27T02:25:38Z mem_available_gib=23.73
ts=2026-07-27T02:25:49Z mem_available_gib=23.72
ts=2026-07-27T02:25:59Z mem_available_gib=24.15
ts=2026-07-27T02:26:09Z mem_available_gib=23.71
ts=2026-07-27T02:26:19Z mem_available_gib=24.16
ts=2026-07-27T02:26:29Z mem_available_gib=23.91
ts=2026-07-27T02:26:39Z mem_available_gib=24.18
ts=2026-07-27T02:26:49Z mem_available_gib=23.71
ts=2026-07-27T02:26:59Z mem_available_gib=23.11
ts=2026-07-27T02:27:09Z mem_available_gib=23.61
ts=2026-07-27T02:27:19Z mem_available_gib=23.59
ts=2026-07-27T02:27:29Z mem_available_gib=23.58
ts=2026-07-27T02:27:39Z mem_available_gib=23.54
ts=2026-07-27T02:27:49Z mem_available_gib=23.54
ts=2026-07-27T02:27:59Z mem_available_gib=23.54
ts=2026-07-27T02:28:10Z mem_available_gib=23.52
ts=2026-07-27T02:28:20Z mem_available_gib=23.52
ts=2026-07-27T02:28:30Z mem_available_gib=23.52
ts=2026-07-27T02:28:40Z mem_available_gib=23.51
ts=2026-07-27T02:28:50Z mem_available_gib=23.50
ts=2026-07-27T02:29:00Z mem_available_gib=23.45
ts=2026-07-27T02:29:10Z mem_available_gib=23.46
ts=2026-07-27T02:29:20Z mem_available_gib=23.43
ts=2026-07-27T02:29:30Z mem_available_gib=23.43
ts=2026-07-27T02:29:40Z mem_available_gib=23.45
ts=2026-07-27T02:29:50Z mem_available_gib=23.45
ts=2026-07-27T02:30:00Z mem_available_gib=23.42
ts=2026-07-27T02:30:10Z mem_available_gib=23.45
ts=2026-07-27T02:30:16Z DISARMED target_pid=3190928 target_pgid=3190818 target_start_ticks=17879698 target_role=engine
ts=2026-07-27T02:30:51Z START target_file=/run/dsv4/llamacpp.engine.target threshold_gib=18
ts=2026-07-27T02:30:52Z ARMED target_pid=3196483 target_pgid=3196483 target_start_ticks=17942356 target_role=provisional
ts=2026-07-27T02:30:53Z ARMED target_pid=3196631 target_pgid=3196483 target_start_ticks=17942455 target_role=engine
ts=2026-07-27T02:31:00Z mem_available_gib=114.72
ts=2026-07-27T02:31:10Z mem_available_gib=114.80
ts=2026-07-27T02:31:18Z FAIL_CLOSED reason=missing_invalid_or_unverifiable_armed_target target_pid=3196631 target_pgid=3196483 target_start_ticks=17942455
ts=2026-07-27T02:55:43Z START target_file=/run/dsv4/llamacpp.engine.target threshold_gib=18
ts=2026-07-27T02:55:44Z ARMED target_pid=3538032 target_pgid=3538032 target_start_ticks=18091547 target_role=provisional
ts=2026-07-27T02:55:45Z ARMED target_pid=3538141 target_pgid=3538032 target_start_ticks=18091645 target_role=engine
ts=2026-07-27T02:55:52Z mem_available_gib=114.94
ts=2026-07-27T02:56:02Z mem_available_gib=114.93
ts=2026-07-27T02:56:12Z mem_available_gib=114.89
ts=2026-07-27T02:56:22Z mem_available_gib=89.53
ts=2026-07-27T02:56:34Z mem_available_gib=84.62
ts=2026-07-27T02:56:45Z mem_available_gib=74.29
ts=2026-07-27T02:56:55Z mem_available_gib=63.33
ts=2026-07-27T02:57:05Z mem_available_gib=52.71
ts=2026-07-27T02:57:16Z mem_available_gib=42.07
ts=2026-07-27T02:57:26Z mem_available_gib=31.52
ts=2026-07-27T02:57:37Z mem_available_gib=24.16
ts=2026-07-27T02:57:47Z mem_available_gib=24.12
ts=2026-07-27T02:57:57Z mem_available_gib=23.68
ts=2026-07-27T02:58:07Z mem_available_gib=24.11
ts=2026-07-27T02:58:17Z mem_available_gib=23.70
ts=2026-07-27T02:58:27Z mem_available_gib=23.68
ts=2026-07-27T02:58:37Z mem_available_gib=23.71
ts=2026-07-27T02:58:47Z mem_available_gib=24.17
ts=2026-07-27T02:58:57Z mem_available_gib=24.20
ts=2026-07-27T02:59:07Z mem_available_gib=23.68
ts=2026-07-27T02:59:17Z mem_available_gib=23.70
ts=2026-07-27T02:59:28Z mem_available_gib=23.68
ts=2026-07-27T02:59:38Z mem_available_gib=23.75
ts=2026-07-27T02:59:48Z mem_available_gib=23.76
ts=2026-07-27T02:59:58Z mem_available_gib=24.20
ts=2026-07-27T03:00:08Z mem_available_gib=23.72
ts=2026-07-27T03:00:18Z mem_available_gib=24.17
ts=2026-07-27T03:00:28Z mem_available_gib=24.16
ts=2026-07-27T03:00:38Z mem_available_gib=23.67
ts=2026-07-27T03:00:48Z mem_available_gib=23.71
ts=2026-07-27T03:00:58Z mem_available_gib=24.18
ts=2026-07-27T03:01:08Z mem_available_gib=23.75
ts=2026-07-27T03:01:18Z mem_available_gib=24.20
ts=2026-07-27T03:01:29Z mem_available_gib=24.15
ts=2026-07-27T03:01:39Z mem_available_gib=23.73
ts=2026-07-27T03:01:49Z mem_available_gib=24.17
ts=2026-07-27T03:01:59Z mem_available_gib=24.17
ts=2026-07-27T03:02:09Z mem_available_gib=23.68
ts=2026-07-27T03:02:19Z mem_available_gib=23.56
ts=2026-07-27T03:02:29Z mem_available_gib=23.56
ts=2026-07-27T03:02:39Z mem_available_gib=22.95
ts=2026-07-27T03:02:49Z mem_available_gib=22.63
ts=2026-07-27T03:02:59Z mem_available_gib=22.67
ts=2026-07-27T03:03:09Z mem_available_gib=22.68
ts=2026-07-27T03:03:19Z mem_available_gib=22.68
ts=2026-07-27T03:03:25Z FAIL_CLOSED reason=missing_invalid_or_unverifiable_armed_target target_pid=3538141 target_pgid=3538032 target_start_ticks=18091645
ts=2026-07-27T03:15:20Z START target_file=/run/dsv4/llamacpp.engine.target threshold_gib=18
ts=2026-07-27T03:15:21Z ARMED target_pid=3643619 target_pgid=3643619 target_start_ticks=18209269 target_role=provisional
ts=2026-07-27T03:15:22Z ARMED target_pid=3643728 target_pgid=3643619 target_start_ticks=18209367 target_role=engine
ts=2026-07-27T03:15:29Z mem_available_gib=114.96
ts=2026-07-27T03:15:39Z mem_available_gib=114.95
ts=2026-07-27T03:15:49Z mem_available_gib=114.93
ts=2026-07-27T03:15:59Z mem_available_gib=110.65
ts=2026-07-27T03:16:10Z mem_available_gib=81.19
ts=2026-07-27T03:16:20Z mem_available_gib=70.60
ts=2026-07-27T03:16:30Z mem_available_gib=60.06
ts=2026-07-27T03:16:41Z mem_available_gib=49.56
ts=2026-07-27T03:16:51Z mem_available_gib=39.29
ts=2026-07-27T03:17:02Z mem_available_gib=28.65
ts=2026-07-27T03:17:12Z mem_available_gib=23.96
ts=2026-07-27T03:17:22Z mem_available_gib=23.60
ts=2026-07-27T03:17:32Z mem_available_gib=24.08
ts=2026-07-27T03:17:42Z mem_available_gib=23.58
ts=2026-07-27T03:17:52Z mem_available_gib=23.57
ts=2026-07-27T03:18:02Z mem_available_gib=23.64
ts=2026-07-27T03:18:13Z mem_available_gib=23.71
ts=2026-07-27T03:18:23Z mem_available_gib=23.71
ts=2026-07-27T03:18:33Z mem_available_gib=23.80
ts=2026-07-27T03:18:43Z mem_available_gib=24.16
ts=2026-07-27T03:18:53Z mem_available_gib=23.71
ts=2026-07-27T03:19:03Z mem_available_gib=23.74
ts=2026-07-27T03:19:13Z mem_available_gib=23.73
ts=2026-07-27T03:19:23Z mem_available_gib=23.73
ts=2026-07-27T03:19:33Z mem_available_gib=24.21
ts=2026-07-27T03:19:43Z mem_available_gib=24.18
ts=2026-07-27T03:19:53Z mem_available_gib=24.21
ts=2026-07-27T03:20:03Z mem_available_gib=24.17
ts=2026-07-27T03:20:13Z mem_available_gib=24.14
ts=2026-07-27T03:20:23Z mem_available_gib=23.67
ts=2026-07-27T03:20:34Z mem_available_gib=24.16
ts=2026-07-27T03:20:44Z mem_available_gib=23.77
ts=2026-07-27T03:20:54Z mem_available_gib=24.22
ts=2026-07-27T03:21:04Z mem_available_gib=23.99
ts=2026-07-27T03:21:14Z mem_available_gib=23.74
ts=2026-07-27T03:21:24Z mem_available_gib=23.71
ts=2026-07-27T03:21:34Z mem_available_gib=24.19
ts=2026-07-27T03:21:44Z mem_available_gib=24.19
ts=2026-07-27T03:21:54Z DISARMED target_pid=3643728 target_pgid=3643619 target_start_ticks=18209367 target_role=engine
ts=2026-07-27T11:10:23Z START target_file=/run/dsv4/llamacpp.engine.target threshold_gib=18
ts=2026-07-27T11:10:23Z ARMED target_pid=11408 target_pgid=11408 target_start_ticks=95574 target_role=provisional
ts=2026-07-27T11:10:24Z ARMED target_pid=11446 target_pgid=11408 target_start_ticks=95598 target_role=engine
ts=2026-07-27T11:10:24Z FAIL_CLOSED reason=missing_invalid_or_unverifiable_armed_target target_pid=11446 target_pgid=11408 target_start_ticks=95598
ts=2026-07-27T11:14:58Z START target_file=/run/dsv4/llamacpp.engine.target threshold_gib=18
ts=2026-07-27T11:14:58Z ARMED target_pid=13484 target_pgid=13484 target_start_ticks=123054 target_role=provisional
ts=2026-07-27T11:14:59Z ARMED target_pid=13522 target_pgid=13484 target_start_ticks=123077 target_role=engine
ts=2026-07-27T11:15:00Z mem_available_gib=63.22
ts=2026-07-27T11:15:03Z mem_available_gib=23.38
ts=2026-07-27T11:15:05Z mem_available_gib=23.37
ts=2026-07-27T11:15:08Z mem_available_gib=23.37
ts=2026-07-27T11:15:11Z mem_available_gib=23.36
ts=2026-07-27T11:15:13Z mem_available_gib=23.36
ts=2026-07-27T11:15:16Z mem_available_gib=23.35
ts=2026-07-27T11:15:18Z mem_available_gib=23.35
ts=2026-07-27T11:15:21Z mem_available_gib=23.34
ts=2026-07-27T11:15:23Z mem_available_gib=23.34
ts=2026-07-27T11:15:26Z mem_available_gib=23.33
ts=2026-07-27T11:15:29Z mem_available_gib=23.33
ts=2026-07-27T11:15:31Z mem_available_gib=23.33
ts=2026-07-27T11:15:34Z mem_available_gib=23.34
ts=2026-07-27T11:15:36Z mem_available_gib=23.33
ts=2026-07-27T11:15:39Z mem_available_gib=23.32
ts=2026-07-27T11:15:41Z mem_available_gib=23.31
ts=2026-07-27T11:15:44Z mem_available_gib=23.31
ts=2026-07-27T11:15:47Z mem_available_gib=23.31
ts=2026-07-27T11:15:49Z mem_available_gib=23.31
ts=2026-07-27T11:15:52Z mem_available_gib=23.30
ts=2026-07-27T11:15:54Z mem_available_gib=23.30
ts=2026-07-27T11:15:57Z mem_available_gib=23.29
ts=2026-07-27T11:15:59Z mem_available_gib=23.29
ts=2026-07-27T11:16:02Z mem_available_gib=23.30
ts=2026-07-27T11:16:04Z mem_available_gib=23.30
ts=2026-07-27T11:16:07Z mem_available_gib=23.29
ts=2026-07-27T11:16:10Z mem_available_gib=23.29
ts=2026-07-27T11:16:12Z mem_available_gib=23.29
ts=2026-07-27T11:16:15Z mem_available_gib=23.29
ts=2026-07-27T11:16:17Z mem_available_gib=23.29
ts=2026-07-27T11:16:20Z mem_available_gib=23.30
ts=2026-07-27T11:16:22Z mem_available_gib=23.30
ts=2026-07-27T11:16:25Z mem_available_gib=23.30
ts=2026-07-27T11:16:28Z mem_available_gib=23.30
ts=2026-07-27T11:16:30Z mem_available_gib=23.30
ts=2026-07-27T11:16:33Z mem_available_gib=22.60
ts=2026-07-27T11:16:35Z mem_available_gib=22.60
ts=2026-07-27T11:16:38Z mem_available_gib=22.59
ts=2026-07-27T11:16:40Z mem_available_gib=22.58
ts=2026-07-27T11:16:43Z mem_available_gib=22.58
ts=2026-07-27T11:16:46Z mem_available_gib=22.58
ts=2026-07-27T11:16:48Z mem_available_gib=22.19
ts=2026-07-27T11:16:51Z mem_available_gib=22.19
ts=2026-07-27T11:16:53Z mem_available_gib=22.09
ts=2026-07-27T11:16:56Z mem_available_gib=22.09
ts=2026-07-27T11:16:58Z mem_available_gib=22.15
ts=2026-07-27T11:17:01Z mem_available_gib=22.15
ts=2026-07-27T11:17:04Z mem_available_gib=22.14
ts=2026-07-27T11:17:06Z mem_available_gib=22.14
ts=2026-07-27T11:17:09Z mem_available_gib=22.14
ts=2026-07-27T11:17:11Z mem_available_gib=22.14
ts=2026-07-27T11:17:14Z mem_available_gib=22.15
ts=2026-07-27T11:17:16Z mem_available_gib=22.16
ts=2026-07-27T11:17:19Z mem_available_gib=22.16
ts=2026-07-27T11:17:22Z mem_available_gib=22.16
ts=2026-07-27T11:17:24Z mem_available_gib=22.16
ts=2026-07-27T11:17:27Z mem_available_gib=22.16
ts=2026-07-27T11:17:29Z mem_available_gib=22.16
ts=2026-07-27T11:17:32Z mem_available_gib=22.16
ts=2026-07-27T11:17:34Z mem_available_gib=22.16
ts=2026-07-27T11:17:37Z mem_available_gib=22.16
ts=2026-07-27T11:17:40Z mem_available_gib=22.15
ts=2026-07-27T11:17:42Z mem_available_gib=22.10
ts=2026-07-27T11:17:45Z mem_available_gib=22.10
ts=2026-07-27T11:17:47Z mem_available_gib=22.10
ts=2026-07-27T11:17:50Z mem_available_gib=22.09
ts=2026-07-27T11:17:52Z mem_available_gib=22.16
ts=2026-07-27T11:17:55Z mem_available_gib=22.16
ts=2026-07-27T11:17:58Z mem_available_gib=22.16
ts=2026-07-27T11:18:00Z mem_available_gib=22.16
ts=2026-07-27T11:18:03Z mem_available_gib=22.16
ts=2026-07-27T11:18:05Z mem_available_gib=22.16
ts=2026-07-27T11:18:08Z mem_available_gib=22.16
ts=2026-07-27T11:18:10Z mem_available_gib=22.16
ts=2026-07-27T11:18:13Z mem_available_gib=22.16
