ds4: CUDA backend initialized on NVIDIA GB10 (sm_121) dev=0
ds4: CUDA exact top-2048 CUB enabled chunk=8192 merge=2
W4_OBSERVATION block=0 sequence=0 arm=A mode=0 exact=1 ids_sha256=e289e6b335e319ee58b92fd2fcb28a9ce83d22f69f2405746329343742d65bb6 elapsed_ms=4.862624168
W4_OBSERVATION block=0 sequence=1 arm=B mode=1 exact=1 ids_sha256=e289e6b335e319ee58b92fd2fcb28a9ce83d22f69f2405746329343742d65bb6 elapsed_ms=1.606976032
W4_OBSERVATION block=0 sequence=2 arm=B mode=1 exact=1 ids_sha256=e289e6b335e319ee58b92fd2fcb28a9ce83d22f69f2405746329343742d65bb6 elapsed_ms=1.756191969
W4_OBSERVATION block=0 sequence=3 arm=A mode=0 exact=1 ids_sha256=e289e6b335e319ee58b92fd2fcb28a9ce83d22f69f2405746329343742d65bb6 elapsed_ms=4.970655918
W4_OBSERVATION block=1 sequence=0 arm=B mode=1 exact=1 ids_sha256=e289e6b335e319ee58b92fd2fcb28a9ce83d22f69f2405746329343742d65bb6 elapsed_ms=1.600352049
W4_OBSERVATION block=1 sequence=1 arm=A mode=0 exact=1 ids_sha256=e289e6b335e319ee58b92fd2fcb28a9ce83d22f69f2405746329343742d65bb6 elapsed_ms=4.895967960
W4_OBSERVATION block=1 sequence=2 arm=A mode=0 exact=1 ids_sha256=e289e6b335e319ee58b92fd2fcb28a9ce83d22f69f2405746329343742d65bb6 elapsed_ms=4.905056000
W4_OBSERVATION block=1 sequence=3 arm=B mode=1 exact=1 ids_sha256=e289e6b335e319ee58b92fd2fcb28a9ce83d22f69f2405746329343742d65bb6 elapsed_ms=1.595296025
W4_OBSERVATION block=2 sequence=0 arm=A mode=0 exact=1 ids_sha256=e289e6b335e319ee58b92fd2fcb28a9ce83d22f69f2405746329343742d65bb6 elapsed_ms=4.899231911
W4_OBSERVATION block=2 sequence=1 arm=B mode=1 exact=1 ids_sha256=e289e6b335e319ee58b92fd2fcb28a9ce83d22f69f2405746329343742d65bb6 elapsed_ms=1.595839977
W4_OBSERVATION block=2 sequence=2 arm=B mode=1 exact=1 ids_sha256=e289e6b335e319ee58b92fd2fcb28a9ce83d22f69f2405746329343742d65bb6 elapsed_ms=1.597952008
W4_OBSERVATION block=2 sequence=3 arm=A mode=0 exact=1 ids_sha256=e289e6b335e319ee58b92fd2fcb28a9ce83d22f69f2405746329343742d65bb6 elapsed_ms=4.900576115
W4_OBSERVATION block=3 sequence=0 arm=B mode=1 exact=1 ids_sha256=e289e6b335e319ee58b92fd2fcb28a9ce83d22f69f2405746329343742d65bb6 elapsed_ms=1.595424056
W4_OBSERVATION block=3 sequence=1 arm=A mode=0 exact=1 ids_sha256=e289e6b335e319ee58b92fd2fcb28a9ce83d22f69f2405746329343742d65bb6 elapsed_ms=5.086336136
W4_OBSERVATION block=3 sequence=2 arm=A mode=0 exact=1 ids_sha256=e289e6b335e319ee58b92fd2fcb28a9ce83d22f69f2405746329343742d65bb6 elapsed_ms=4.929920197
W4_OBSERVATION block=3 sequence=3 arm=B mode=1 exact=1 ids_sha256=e289e6b335e319ee58b92fd2fcb28a9ce83d22f69f2405746329343742d65bb6 elapsed_ms=1.602079988
W4_OBSERVATION block=4 sequence=0 arm=A mode=0 exact=1 ids_sha256=e289e6b335e319ee58b92fd2fcb28a9ce83d22f69f2405746329343742d65bb6 elapsed_ms=4.897568226
W4_OBSERVATION block=4 sequence=1 arm=B mode=1 exact=1 ids_sha256=e289e6b335e319ee58b92fd2fcb28a9ce83d22f69f2405746329343742d65bb6 elapsed_ms=1.596511960
W4_OBSERVATION block=4 sequence=2 arm=B mode=1 exact=1 ids_sha256=e289e6b335e319ee58b92fd2fcb28a9ce83d22f69f2405746329343742d65bb6 elapsed_ms=1.604223967
W4_OBSERVATION block=4 sequence=3 arm=A mode=0 exact=1 ids_sha256=e289e6b335e319ee58b92fd2fcb28a9ce83d22f69f2405746329343742d65bb6 elapsed_ms=5.107584000
w4-topk: n_comp=1048576 n_tokens=8 top_k=2048 baseline_ms=[4.916640,4.900512,4.899904,5.008128,5.002576] candidate_ms=[1.681584,1.597824,1.596896,1.598752,1.600368] speedup_lower95=2.982571081 required=2.0
