== make clean start: 2026-07-24T11:33:39-04:00
rm -f ds4 ds4-server ds4-bench ds4-eval ds4-agent ds4_cpu ds4_native ds4_server_test ds4_test ds4_agent_test gguf-tools/quality-testing/score_official tests/test_q4k_dot tests/test_metal_session_batch tests/test_gpu_xdev tests/test_gpu_model_cache tests/test_gpu_lookup_cache_strict tests/test_engine_mgpu_refusal tests/test_engine_mgpu_runtime tests/test_engine_correctness tests/test_sampling tests/test_cuda_session_batch tests/test_cuda_mixed_batch tests/*.o *.o tests/cuda_long_context_smoke tests/cuda_long_context_smoke.o
== make_clean_exit: 0
== make cuda start: 2026-07-24T11:33:39-04:00
make -B ds4 ds4-server ds4-bench ds4-eval ds4-agent CUDA_ARCH="sm_121"
make[1]: Entering directory '/home/dsv4/ds4-project/src/ds4-upstream-master'
cc -O3 -ffast-math -g -march=native -Wall -Wextra -std=c99 -D_GNU_SOURCE -fno-finite-math-only -c -o ds4_cli.o ds4_cli.c
cc -O3 -ffast-math -g -march=native -Wall -Wextra -std=c99 -D_GNU_SOURCE -fno-finite-math-only -c -o ds4_help.o ds4_help.c
cc -O3 -ffast-math -g -march=native -Wall -Wextra -std=c99 -D_GNU_SOURCE -fno-finite-math-only -c -o linenoise.o linenoise.c
cc -O3 -ffast-math -g -march=native -Wall -Wextra -std=c99 -D_GNU_SOURCE -fno-finite-math-only -c -o ds4_gpu_args.o ds4_gpu_args.c
cc -O3 -ffast-math -g -march=native -Wall -Wextra -std=c99 -D_GNU_SOURCE -fno-finite-math-only -c -o ds4.o ds4.c
cc -O3 -ffast-math -g -march=native -Wall -Wextra -std=c99 -D_GNU_SOURCE -fno-finite-math-only -c -o ds4_distributed.o ds4_distributed.c
cc -O3 -ffast-math -g -march=native -Wall -Wextra -std=c99 -D_GNU_SOURCE -fno-finite-math-only -c -o ds4_tp.o ds4_tp.c
cc -O3 -ffast-math -g -march=native -Wall -Wextra -std=c99 -D_GNU_SOURCE -fno-finite-math-only -c -o ds4_ssd.o ds4_ssd.c
/usr/local/cuda/bin/nvcc -O3 -g -lineinfo --use_fast_math -arch=sm_121 -Xcompiler -march=native -Xcompiler -pthread -c -o ds4_cuda.o ds4_cuda.cu
cc -O3 -ffast-math -g -march=native -Wall -Wextra -std=c99 -D_GNU_SOURCE -fno-finite-math-only   -c -o ds4_layer_pack.o ds4_layer_pack.c
cc -O3 -ffast-math -g -march=native -Wall -Wextra -std=c99 -D_GNU_SOURCE -fno-finite-math-only -c -o ds4_server.o ds4_server.c
cc -O3 -ffast-math -g -march=native -Wall -Wextra -std=c99 -D_GNU_SOURCE -fno-finite-math-only -c -o ds4_kvstore.o ds4_kvstore.c
cc -O3 -ffast-math -g -march=native -Wall -Wextra -std=c99 -D_GNU_SOURCE -fno-finite-math-only -c -o rax.o rax.c
cc -O3 -ffast-math -g -march=native -Wall -Wextra -std=c99 -D_GNU_SOURCE -fno-finite-math-only -c -o ds4_bench.o ds4_bench.c
cc -O3 -ffast-math -g -march=native -Wall -Wextra -std=c99 -D_GNU_SOURCE -fno-finite-math-only -c -o ds4_eval.o ds4_eval.c
cc -O3 -ffast-math -g -march=native -Wall -Wextra -std=c99 -D_GNU_SOURCE -fno-finite-math-only -c -o ds4_agent.o ds4_agent.c
cc -O3 -ffast-math -g -march=native -Wall -Wextra -std=c99 -D_GNU_SOURCE -fno-finite-math-only -c -o ds4_web.o ds4_web.c
/usr/local/cuda/bin/nvcc -O3 -g -lineinfo --use_fast_math -arch=sm_121 -Xcompiler -march=native -Xcompiler -pthread -o ds4 ds4_cli.o ds4_help.o linenoise.o ds4_gpu_args.o ds4.o ds4_distributed.o ds4_tp.o ds4_ssd.o ds4_cuda.o ds4_layer_pack.o -lm -Xcompiler -pthread -L/usr/local/cuda/targets/sbsa-linux/lib -L/usr/local/cuda/lib64 -lcudart -lcublas
/usr/local/cuda/bin/nvcc -O3 -g -lineinfo --use_fast_math -arch=sm_121 -Xcompiler -march=native -Xcompiler -pthread -o ds4-server ds4_server.o ds4_help.o ds4_kvstore.o rax.o ds4_gpu_args.o ds4.o ds4_distributed.o ds4_tp.o ds4_ssd.o ds4_cuda.o ds4_layer_pack.o -lm -Xcompiler -pthread -L/usr/local/cuda/targets/sbsa-linux/lib -L/usr/local/cuda/lib64 -lcudart -lcublas
/usr/local/cuda/bin/nvcc -O3 -g -lineinfo --use_fast_math -arch=sm_121 -Xcompiler -march=native -Xcompiler -pthread -o ds4-bench ds4_bench.o ds4_help.o ds4_gpu_args.o ds4.o ds4_distributed.o ds4_tp.o ds4_ssd.o ds4_cuda.o ds4_layer_pack.o -lm -Xcompiler -pthread -L/usr/local/cuda/targets/sbsa-linux/lib -L/usr/local/cuda/lib64 -lcudart -lcublas
/usr/local/cuda/bin/nvcc -O3 -g -lineinfo --use_fast_math -arch=sm_121 -Xcompiler -march=native -Xcompiler -pthread -o ds4-eval ds4_eval.o ds4_help.o ds4.o ds4_distributed.o ds4_tp.o ds4_ssd.o ds4_cuda.o ds4_layer_pack.o -lm -Xcompiler -pthread -L/usr/local/cuda/targets/sbsa-linux/lib -L/usr/local/cuda/lib64 -lcudart -lcublas
/usr/local/cuda/bin/nvcc -O3 -g -lineinfo --use_fast_math -arch=sm_121 -Xcompiler -march=native -Xcompiler -pthread -o ds4-agent ds4_agent.o ds4_help.o ds4_web.o ds4_kvstore.o linenoise.o ds4_gpu_args.o ds4.o ds4_distributed.o ds4_tp.o ds4_ssd.o ds4_cuda.o ds4_layer_pack.o -lm -Xcompiler -pthread -L/usr/local/cuda/targets/sbsa-linux/lib -L/usr/local/cuda/lib64 -lcudart -lcublas
make[1]: Leaving directory '/home/dsv4/ds4-project/src/ds4-upstream-master'
== make_cuda_exit: 0
== timestamp_end: 2026-07-24T11:34:04-04:00
