test_duplicate_response_id (scripts.tests.test_glm53_context_probe.ContextEvidenceTests.test_duplicate_response_id) ... ok
test_duplicate_timestamp (scripts.tests.test_glm53_context_probe.ContextEvidenceTests.test_duplicate_timestamp) ... ok
test_empty_binding_rejected (scripts.tests.test_glm53_context_probe.ContextEvidenceTests.test_empty_binding_rejected) ... ok
test_invalid_trailing_metrics_cannot_be_ignored (scripts.tests.test_glm53_context_probe.ContextEvidenceTests.test_invalid_trailing_metrics_cannot_be_ignored) ... ok
test_metrics_error (scripts.tests.test_glm53_context_probe.ContextEvidenceTests.test_metrics_error) ... ok
test_metrics_scoring_memory_does_not_scale_with_log_length (scripts.tests.test_glm53_context_probe.ContextEvidenceTests.test_metrics_scoring_memory_does_not_scale_with_log_length) ... ok
test_missing_done (scripts.tests.test_glm53_context_probe.ContextEvidenceTests.test_missing_done) ... ok
test_missing_metrics_baseline_and_end (scripts.tests.test_glm53_context_probe.ContextEvidenceTests.test_missing_metrics_baseline_and_end) ... ok
test_nonfinite_timestamp (scripts.tests.test_glm53_context_probe.ContextEvidenceTests.test_nonfinite_timestamp) ... ok
test_nonfinite_unused_field (scripts.tests.test_glm53_context_probe.ContextEvidenceTests.test_nonfinite_unused_field) ... ok
test_optimized_python_rejected (scripts.tests.test_glm53_context_probe.ContextEvidenceTests.test_optimized_python_rejected) ... ok
test_output_token_coverage (scripts.tests.test_glm53_context_probe.ContextEvidenceTests.test_output_token_coverage) ... ok
test_preemption (scripts.tests.test_glm53_context_probe.ContextEvidenceTests.test_preemption) ... ok
test_repeated_terminal_cannot_manufacture_overlap (scripts.tests.test_glm53_context_probe.ContextEvidenceTests.test_repeated_terminal_cannot_manufacture_overlap) ... ok
test_valid_synthetic_control (scripts.tests.test_glm53_context_probe.ContextEvidenceTests.test_valid_synthetic_control) ... ok
test_wrong_choice_index (scripts.tests.test_glm53_context_probe.ContextEvidenceTests.test_wrong_choice_index) ... ok
test_wrong_launch (scripts.tests.test_glm53_context_probe.ContextEvidenceTests.test_wrong_launch) ... ok

----------------------------------------------------------------------
Ran 17 tests in 8.544s

OK
