ds4: CUDA backend initialized on NVIDIA GB10 (sm_121) dev=0
ds4: CUDA exact top-2048 CUB enabled chunk=8192 merge=2
W4_OBSERVATION block=0 sequence=0 arm=B elapsed_ms=1.587679982
W4_OBSERVATION block=0 sequence=1 arm=A elapsed_ms=5.000127792
W4_OBSERVATION block=0 sequence=2 arm=A elapsed_ms=4.879968166
W4_OBSERVATION block=0 sequence=3 arm=B elapsed_ms=1.590304017
W4_OBSERVATION block=1 sequence=0 arm=A elapsed_ms=4.877280235
W4_OBSERVATION block=1 sequence=1 arm=B elapsed_ms=1.599455953
W4_OBSERVATION block=1 sequence=2 arm=B elapsed_ms=1.606367946
W4_OBSERVATION block=1 sequence=3 arm=A elapsed_ms=5.071328163
W4_OBSERVATION block=2 sequence=0 arm=B elapsed_ms=1.594527960
W4_OBSERVATION block=2 sequence=1 arm=A elapsed_ms=4.895423889
W4_OBSERVATION block=2 sequence=2 arm=A elapsed_ms=4.899263859
W4_OBSERVATION block=2 sequence=3 arm=B elapsed_ms=1.600095987
W4_OBSERVATION block=3 sequence=0 arm=A elapsed_ms=5.058623791
W4_OBSERVATION block=3 sequence=1 arm=B elapsed_ms=1.662240028
W4_OBSERVATION block=3 sequence=2 arm=B elapsed_ms=1.599264026
W4_OBSERVATION block=3 sequence=3 arm=A elapsed_ms=4.899328232
W4_OBSERVATION block=4 sequence=0 arm=B elapsed_ms=1.592383981
W4_OBSERVATION block=4 sequence=1 arm=A elapsed_ms=4.897024155
W4_OBSERVATION block=4 sequence=2 arm=A elapsed_ms=5.070335865
W4_OBSERVATION block=4 sequence=3 arm=B elapsed_ms=1.604544044
w4-topk: n_comp=1048576 n_tokens=8 top_k=2048 baseline_ms=[4.940048,4.974304,4.897344,4.978976,4.983680] candidate_ms=[1.588992,1.602912,1.597312,1.630752,1.598464] speedup_lower95=3.062675105 required=2.0
