ds4: CUDA backend initialized on NVIDIA GB10 (sm_121) dev=0
ds4: CUDA exact top-2048 CUB enabled chunk=8192 merge=2
W4_OBSERVATION block=0 sequence=0 arm=A mode=0 exact=1 ids_sha256=e289e6b335e319ee58b92fd2fcb28a9ce83d22f69f2405746329343742d65bb6 elapsed_ms=4.858784199
W4_OBSERVATION block=0 sequence=1 arm=B mode=1 exact=1 ids_sha256=e289e6b335e319ee58b92fd2fcb28a9ce83d22f69f2405746329343742d65bb6 elapsed_ms=1.598368049
W4_OBSERVATION block=0 sequence=2 arm=B mode=1 exact=1 ids_sha256=e289e6b335e319ee58b92fd2fcb28a9ce83d22f69f2405746329343742d65bb6 elapsed_ms=1.591552019
W4_OBSERVATION block=0 sequence=3 arm=A mode=0 exact=1 ids_sha256=e289e6b335e319ee58b92fd2fcb28a9ce83d22f69f2405746329343742d65bb6 elapsed_ms=4.861567974
W4_OBSERVATION block=1 sequence=0 arm=B mode=1 exact=1 ids_sha256=e289e6b335e319ee58b92fd2fcb28a9ce83d22f69f2405746329343742d65bb6 elapsed_ms=1.591743946
W4_OBSERVATION block=1 sequence=1 arm=A mode=0 exact=1 ids_sha256=e289e6b335e319ee58b92fd2fcb28a9ce83d22f69f2405746329343742d65bb6 elapsed_ms=4.857312202
W4_OBSERVATION block=1 sequence=2 arm=A mode=0 exact=1 ids_sha256=e289e6b335e319ee58b92fd2fcb28a9ce83d22f69f2405746329343742d65bb6 elapsed_ms=4.861983776
W4_OBSERVATION block=1 sequence=3 arm=B mode=1 exact=1 ids_sha256=e289e6b335e319ee58b92fd2fcb28a9ce83d22f69f2405746329343742d65bb6 elapsed_ms=1.600800037
W4_OBSERVATION block=2 sequence=0 arm=A mode=0 exact=1 ids_sha256=e289e6b335e319ee58b92fd2fcb28a9ce83d22f69f2405746329343742d65bb6 elapsed_ms=5.016511917
W4_OBSERVATION block=2 sequence=1 arm=B mode=1 exact=1 ids_sha256=e289e6b335e319ee58b92fd2fcb28a9ce83d22f69f2405746329343742d65bb6 elapsed_ms=1.757055998
W4_OBSERVATION block=2 sequence=2 arm=B mode=1 exact=1 ids_sha256=e289e6b335e319ee58b92fd2fcb28a9ce83d22f69f2405746329343742d65bb6 elapsed_ms=1.595103979
W4_OBSERVATION block=2 sequence=3 arm=A mode=0 exact=1 ids_sha256=e289e6b335e319ee58b92fd2fcb28a9ce83d22f69f2405746329343742d65bb6 elapsed_ms=4.944159985
W4_OBSERVATION block=3 sequence=0 arm=B mode=1 exact=1 ids_sha256=e289e6b335e319ee58b92fd2fcb28a9ce83d22f69f2405746329343742d65bb6 elapsed_ms=1.597728014
W4_OBSERVATION block=3 sequence=1 arm=A mode=0 exact=1 ids_sha256=e289e6b335e319ee58b92fd2fcb28a9ce83d22f69f2405746329343742d65bb6 elapsed_ms=4.897280216
W4_OBSERVATION block=3 sequence=2 arm=A mode=0 exact=1 ids_sha256=e289e6b335e319ee58b92fd2fcb28a9ce83d22f69f2405746329343742d65bb6 elapsed_ms=5.120192051
W4_OBSERVATION block=3 sequence=3 arm=B mode=1 exact=1 ids_sha256=e289e6b335e319ee58b92fd2fcb28a9ce83d22f69f2405746329343742d65bb6 elapsed_ms=1.604608059
W4_OBSERVATION block=4 sequence=0 arm=A mode=0 exact=1 ids_sha256=e289e6b335e319ee58b92fd2fcb28a9ce83d22f69f2405746329343742d65bb6 elapsed_ms=4.893599987
W4_OBSERVATION block=4 sequence=1 arm=B mode=1 exact=1 ids_sha256=e289e6b335e319ee58b92fd2fcb28a9ce83d22f69f2405746329343742d65bb6 elapsed_ms=1.597440004
W4_OBSERVATION block=4 sequence=2 arm=B mode=1 exact=1 ids_sha256=e289e6b335e319ee58b92fd2fcb28a9ce83d22f69f2405746329343742d65bb6 elapsed_ms=1.591392040
W4_OBSERVATION block=4 sequence=3 arm=A mode=0 exact=1 ids_sha256=e289e6b335e319ee58b92fd2fcb28a9ce83d22f69f2405746329343742d65bb6 elapsed_ms=4.892447948
w4-topk: n_comp=1048576 n_tokens=8 top_k=2048 baseline_ms=[4.860176,4.859648,4.980336,5.008736,4.893024] candidate_ms=[1.594960,1.596272,1.676080,1.601168,1.594416] speedup_lower95=2.998360844 required=2.0
