2026-08-06T13:04:44,482189015+00:00 SAFE_RUN start tag=w3s6352005-on vlimit_kb=419430400 kill_floor_gib=18 min_start_gib=110 timeout_s=1800
2026-08-06T13:04:44,488856737+00:00 cmd: /home/bmarti44/.cache/glm52-w3-cbc22b0/ds4-server --cuda -m /home/dsv4/ds4-project/gguf-glm/GLM-5.2-UD-IQ2_XXS_RoutedIQ2XXS_blk78Q2K.gguf -c 8192 --host 127.0.0.1 --port 18164 --ssd-streaming --ssd-streaming-cache-experts 40GB
2026-08-06T13:04:44,499346888+00:00 host: spark-aba1 kernel: 6.17.0-1026-nvidia
2026-08-06T13:04:44,506264066+00:00 candidate_provenance_enabled=1
2026-08-06T13:04:44,515391498+00:00 cgroup_verified path=/user.slice/user-1000.slice/user@1000.service/app.slice/glm52-w3s6352005-on-4177225.service memory_high=102005473280 memory_max=104152956928 memory_swap_max=0 memory_oom_group=1
2026-08-06T13:04:44,541414788+00:00 candidate_src=/home/bmarti44/.cache/glm52-w3-cbc22b0 candidate_binary_sha256=1a60e0887bd26e95d286041dc38d1e7ac7ca81d51d910227e37b26cc516f0b58 candidate_device_inode=66306:6468212
MemTotal:       125483612 kB
MemAvailable:   120620132 kB
{"pass":true,"required_gib":110.0,"mem_available_gib":115.034,"stable_samples_observed":3}
2026-08-06T13:04:47,148440692+00:00 wrapper_pid=4177301 engine_pid=4177303 pgid=4177301 (periodic sampler; actual cadence in samples.log)
2026-08-06T13:04:47,231253325+00:00 executed_environment_allowlist=DS4_CUDA_EXPERT_CACHE_GB,DS4_CUDA_EXPERT_CACHE_PIN,DS4_CUDA_EXPERT_CACHE_SLRU,DS4_CUDA_FETCH_THREADS,DS4_CUDA_MOE_DIRECT_EXPERT_SLOTS,DS4_CUDA_MOE_NO_ATOMIC_DOWN,DS4_GLM_TP_DEBUG,DS4_LOCK_EXPECTED_DEV_INO,DS4_LOCK_FILE executed_environment_sha256=7f31ca1e51642e1c0467c78fa67347b7060b4ae8988be8a5764202a38825c37d
2026-08-06T13:04:47,239520486+00:00 executed_candidate_verified pid=4177303 start_ticks=82039579 path=/home/bmarti44/.cache/glm52-w3-cbc22b0/ds4-server executed_binary_sha256=1a60e0887bd26e95d286041dc38d1e7ac7ca81d51d910227e37b26cc516f0b58 device_inode=66306:6468212
2026-08-06T13:06:54,003395781+00:00 executed candidate exited; monitoring controller and process group pid=4177303
2026-08-06T13:06:56,864772541+00:00 cgroup_final current_bytes=19271680 peak_bytes=68753506304 swap_current_bytes=0 events=low 0,high 0,max 0,oom 0,oom_kill 0,oom_group_kill 0,
ds4: direct expert-slot dispatch layer=63 experts=8 completion_event=recorded
ds4: CUDA selected-expert batch layer=64 slots=8 unique=8 load=74.2 MiB (gate 24.8 + up 24.8 + down 24.8)
ds4: CUDA selected-expert batch layer=65 slots=8 unique=8 load=74.2 MiB (gate 24.8 + up 24.8 + down 24.8)
ds4: direct expert-slot hit layer=65 experts=8
ds4: direct expert-slot dispatch layer=65 experts=8 completion_event=recorded
ds4: CUDA selected-expert batch layer=66 slots=8 unique=8 load=74.2 MiB (gate 24.8 + up 24.8 + down 24.8)
ds4: direct expert-slot hit layer=66 experts=8
ds4: direct expert-slot dispatch layer=66 experts=8 completion_event=recorded
ds4: CUDA selected-expert batch layer=67 slots=8 unique=8 load=74.2 MiB (gate 24.8 + up 24.8 + down 24.8)
ds4: CUDA selected-expert batch layer=68 slots=8 unique=8 load=74.2 MiB (gate 24.8 + up 24.8 + down 24.8)
ds4: CUDA selected-expert batch layer=69 slots=8 unique=8 load=74.2 MiB (gate 24.8 + up 24.8 + down 24.8)
ds4: CUDA selected-expert batch layer=70 slots=8 unique=8 load=74.2 MiB (gate 24.8 + up 24.8 + down 24.8)
ds4: CUDA selected-expert batch layer=71 slots=8 unique=8 load=74.2 MiB (gate 24.8 + up 24.8 + down 24.8)
ds4: CUDA selected-expert batch layer=72 slots=8 unique=8 load=74.2 MiB (gate 24.8 + up 24.8 + down 24.8)
ds4: direct expert-slot hit layer=72 experts=8
ds4: direct expert-slot dispatch layer=72 experts=8 completion_event=recorded
ds4: CUDA selected-expert batch layer=73 slots=8 unique=8 load=74.2 MiB (gate 24.8 + up 24.8 + down 24.8)
ds4: CUDA selected-expert batch layer=74 slots=8 unique=8 load=74.2 MiB (gate 24.8 + up 24.8 + down 24.8)
ds4: CUDA selected-expert batch layer=75 slots=8 unique=8 load=74.2 MiB (gate 24.8 + up 24.8 + down 24.8)
ds4: CUDA selected-expert batch layer=76 slots=8 unique=8 load=74.2 MiB (gate 24.8 + up 24.8 + down 24.8)
ds4: CUDA selected-expert batch layer=77 slots=8 unique=8 load=74.2 MiB (gate 24.8 + up 24.8 + down 24.8)
0806 09:06:52 ds4-server: chat ctx=106..120:14 gen=64 THINKING decoding chunk=2.30 t/s avg=2.23 t/s 28.668s
ds4-server: thinking not closed, ignoring GLM tool calls in reasoning
0806 09:06:52 ds4-server: chat ctx=0..56:56 gen=64 THINKING finish=length 54.448s
0806 09:06:53 ds4-server: shutdown requested, draining requests
2026-08-06T13:06:56,905909525+00:00 executed candidate was verified alive at least once; no identity contradiction observed by the periodic sampler; actual cadence is recorded in samples.log; wrapper and descendant checks clean
2026-08-06T13:06:56,919730893+00:00 safety_artifact_verified name=samples.log sha256=d9fda04ea844b310f4432e4995f6c4e821fc427e903a8a1140ed1df1e1771f53 size=75149
2026-08-06T13:06:56,934857444+00:00 safety_artifact_verified name=kernel.log sha256=19c4e28b2f54ea8f217db4e622b0a5c758efa7b77ce2dc0394b6d159568c0b2e size=17
2026-08-06T13:06:56,941745504+00:00 SAFE_RUN end rc=0 killed=no (124=timeout, 137=SIGKILL/ENOMEM-adjacent)
MemAvailable:   120634336 kB
