Using Python 3.12.3 environment at: /home/bmarti44/.cache/glm53-flash/runtime
Resolved 1 package in 0.91ms
   Building instanttensor==0.1.9
  × Failed to build `instanttensor==0.1.9`
  ├─▶ The build backend returned an error
  ╰─▶ Call to `setuptools.build_meta.build_wheel` failed (exit status: 1)

      [stdout]
      running bdist_wheel
      running build
      running build_py
      creating build/lib.linux-aarch64-cpython-312/instanttensor
      copying instanttensor/_impl.py ->
      build/lib.linux-aarch64-cpython-312/instanttensor
      copying instanttensor/__init__.py ->
      build/lib.linux-aarch64-cpython-312/instanttensor
      running egg_info
      writing instanttensor.egg-info/PKG-INFO
      writing dependency_links to instanttensor.egg-info/dependency_links.txt
      writing requirements to instanttensor.egg-info/requires.txt
      writing top-level names to instanttensor.egg-info/top_level.txt
      reading manifest file 'instanttensor.egg-info/SOURCES.txt'
      reading manifest template 'MANIFEST.in'
      adding license file 'LICENSE'
      writing manifest file 'instanttensor.egg-info/SOURCES.txt'
      running build_ext
      prefix                             /usr
      includedir                         /usr/include
      libdir                             /usr/lib
      libdevdir                          /usr/lib
      relativelibdir
      mandir                             /usr/man
      datadir                            /usr/share
      libgcc_link_flag
      /usr/lib/gcc/aarch64-linux-gnu/13/libgcc.a
      stringop_overflow                  yes
      array_bounds                       yes
      __kernel_rwf_t                     yes
      __kernel_timespec                  yes
      open_how                           yes
      statx                              yes
      glibc_statx                        yes
      C++                                yes
      has_ucontext                       yes
      has_memfd_create                   yes
      NVMe uring command support         yes
      futex waitv support                yes
      io_uring discard command support   no
      has_idtype_t                       yes
      nolibc                             no
      has_fanotify                       yes
      ublk_header                        yes
      use sanitizer                      no
      use tsan                           no
      CC                                 gcc
      CXX                                g++
      config-host.mak is out-of-date, running configure
      prefix                             /usr
      includedir                         /usr/include
      libdir                             /usr/lib
      libdevdir                          /usr/lib
      relativelibdir
      mandir                             /usr/man
      datadir                            /usr/share
      libgcc_link_flag
      /usr/lib/gcc/aarch64-linux-gnu/13/libgcc.a
      stringop_overflow                  yes
      array_bounds                       yes
      __kernel_rwf_t                     yes
      __kernel_timespec                  yes
      open_how                           yes
      statx                              yes
      glibc_statx                        yes
      C++                                yes
      has_ucontext                       yes
      has_memfd_create                   yes
      NVMe uring command support         yes
      futex waitv support                yes
      io_uring discard command support   no
      has_idtype_t                       yes
      nolibc                             no
      has_fanotify                       yes
      ublk_header                        yes
      use sanitizer                      no
      use tsan                           no
      CC                                 gcc
      CXX                                g++
           CC setup.ol
           CC queue.ol
           CC register.ol
           CC syscall.ol
           CC version.ol
           CC ffi.ol
           AR liburing.a
       RANLIB liburing.a
           AR liburing-ffi.a
       RANLIB liburing-ffi.a
      make --silent -B -C
      /home/bmarti44/.cache/uv/sdists-v9/pypi/instanttensor/0.1.9/LTwXeZKYgNhvJda60Y6u8/src/csrc/third_party/libaio
      ./configure --use-libc
      make --silent -B -C
      /home/bmarti44/.cache/uv/sdists-v9/pypi/instanttensor/0.1.9/LTwXeZKYgNhvJda60Y6u8/src/csrc/third_party/liburing
      library
      building 'instanttensor._C' extension
      creating build/temp.linux-aarch64-cpython-312/csrc
      aarch64-linux-gnu-g++ -fno-strict-overflow
      -Wsign-compare -DNDEBUG -g -O2 -Wall -fPIC
      -I/home/bmarti44/.cache/uv/sdists-v9/pypi/instanttensor/0.1.9/LTwXeZKYgNhvJda60Y6u8/src/csrc
      -I/home/bmarti44/.cache/uv/sdists-v9/pypi/instanttensor/0.1.9/LTwXeZKYgNhvJda60Y6u8/src/csrc/third_party/dlpack/include
      -I/home/bmarti44/.cache/uv/sdists-v9/pypi/instanttensor/0.1.9/LTwXeZKYgNhvJda60Y6u8/src/csrc/third_party/pybind11/include
      -I/home/bmarti44/.cache/uv/sdists-v9/pypi/instanttensor/0.1.9/LTwXeZKYgNhvJda60Y6u8/src/csrc/third_party/libaio/src
      -I/home/bmarti44/.cache/uv/sdists-v9/pypi/instanttensor/0.1.9/LTwXeZKYgNhvJda60Y6u8/src/csrc/third_party/liburing/src/include
      -I/home/bmarti44/.cache/uv/sdists-v9/pypi/instanttensor/0.1.9/LTwXeZKYgNhvJda60Y6u8/src/csrc/third_party/boost/libs/predef/include
      -I/home/bmarti44/.cache/uv/sdists-v9/pypi/instanttensor/0.1.9/LTwXeZKYgNhvJda60Y6u8/src/csrc/third_party/boost/libs/integer/include
      -I/home/bmarti44/.cache/uv/sdists-v9/pypi/instanttensor/0.1.9/LTwXeZKYgNhvJda60Y6u8/src/csrc/third_party/boost/libs/type_traits/include
      -I/home/bmarti44/.cache/uv/sdists-v9/pypi/instanttensor/0.1.9/LTwXeZKYgNhvJda60Y6u8/src/csrc/third_party/boost/libs/preprocessor/include
      -I/home/bmarti44/.cache/uv/sdists-v9/pypi/instanttensor/0.1.9/LTwXeZKYgNhvJda60Y6u8/src/csrc/third_party/boost/libs/throw_exception/include
      -I/home/bmarti44/.cache/uv/sdists-v9/pypi/instanttensor/0.1.9/LTwXeZKYgNhvJda60Y6u8/src/csrc/third_party/boost/libs/atomic/include
      -I/home/bmarti44/.cache/uv/sdists-v9/pypi/instanttensor/0.1.9/LTwXeZKYgNhvJda60Y6u8/src/csrc/third_party/boost/libs/fusion/include
      -I/home/bmarti44/.cache/uv/sdists-v9/pypi/instanttensor/0.1.9/LTwXeZKYgNhvJda60Y6u8/src/csrc/third_party/boost/libs/winapi/include
      -I/home/bmarti44/.cache/uv/sdists-v9/pypi/instanttensor/0.1.9/LTwXeZKYgNhvJda60Y6u8/src/csrc/third_party/boost/libs/assert/include
      -I/home/bmarti44/.cache/uv/sdists-v9/pypi/instanttensor/0.1.9/LTwXeZKYgNhvJda60Y6u8/src/csrc/third_party/boost/libs/utility/include
      -I/home/bmarti44/.cache/uv/sdists-v9/pypi/instanttensor/0.1.9/LTwXeZKYgNhvJda60Y6u8/src/csrc/third_party/boost/libs/move/include
      -I/home/bmarti44/.cache/uv/sdists-v9/pypi/instanttensor/0.1.9/LTwXeZKYgNhvJda60Y6u8/src/csrc/third_party/boost/libs/numeric/include
      -I/home/bmarti44/.cache/uv/sdists-v9/pypi/instanttensor/0.1.9/LTwXeZKYgNhvJda60Y6u8/src/csrc/third_party/boost/libs/function_types/include
      -I/home/bmarti44/.cache/uv/sdists-v9/pypi/instanttensor/0.1.9/LTwXeZKYgNhvJda60Y6u8/src/csrc/third_party/boost/libs/lockfree/include
      -I/home/bmarti44/.cache/uv/sdists-v9/pypi/instanttensor/0.1.9/LTwXeZKYgNhvJda60Y6u8/src/csrc/third_party/boost/libs/iterator/include
      -I/home/bmarti44/.cache/uv/sdists-v9/pypi/instanttensor/0.1.9/LTwXeZKYgNhvJda60Y6u8/src/csrc/third_party/boost/libs/align/include
      -I/home/bmarti44/.cache/uv/sdists-v9/pypi/instanttensor/0.1.9/LTwXeZKYgNhvJda60Y6u8/src/csrc/third_party/boost/libs/static_assert/include
      -I/home/bmarti44/.cache/uv/sdists-v9/pypi/instanttensor/0.1.9/LTwXeZKYgNhvJda60Y6u8/src/csrc/third_party/boost/libs/array/include
      -I/home/bmarti44/.cache/uv/sdists-v9/pypi/instanttensor/0.1.9/LTwXeZKYgNhvJda60Y6u8/src/csrc/third_party/boost/libs/detail/include
      -I/home/bmarti44/.cache/uv/sdists-v9/pypi/instanttensor/0.1.9/LTwXeZKYgNhvJda60Y6u8/src/csrc/third_party/boost/libs/conversion/include
      -I/home/bmarti44/.cache/uv/sdists-v9/pypi/instanttensor/0.1.9/LTwXeZKYgNhvJda60Y6u8/src/csrc/third_party/boost/libs/parameter/include
      -I/home/bmarti44/.cache/uv/sdists-v9/pypi/instanttensor/0.1.9/LTwXeZKYgNhvJda60Y6u8/src/csrc/third_party/boost/libs/smart_ptr/include
      -I/home/bmarti44/.cache/uv/sdists-v9/pypi/instanttensor/0.1.9/LTwXeZKYgNhvJda60Y6u8/src/csrc/third_party/boost/libs/typeof/include
      -I/home/bmarti44/.cache/uv/sdists-v9/pypi/instanttensor/0.1.9/LTwXeZKYgNhvJda60Y6u8/src/csrc/third_party/boost/libs/container_hash/include
      -I/home/bmarti44/.cache/uv/sdists-v9/pypi/instanttensor/0.1.9/LTwXeZKYgNhvJda60Y6u8/src/csrc/third_party/boost/libs/tuple/include
      -I/home/bmarti44/.cache/uv/sdists-v9/pypi/instanttensor/0.1.9/LTwXeZKYgNhvJda60Y6u8/src/csrc/third_party/boost/libs/config/include
      -I/home/bmarti44/.cache/uv/sdists-v9/pypi/instanttensor/0.1.9/LTwXeZKYgNhvJda60Y6u8/src/csrc/third_party/boost/libs/mp11/include
      -I/home/bmarti44/.cache/uv/sdists-v9/pypi/instanttensor/0.1.9/LTwXeZKYgNhvJda60Y6u8/src/csrc/third_party/boost/libs/core/include
      -I/home/bmarti44/.cache/uv/sdists-v9/pypi/instanttensor/0.1.9/LTwXeZKYgNhvJda60Y6u8/src/csrc/third_party/boost/libs/mpl/include
      -I/home/bmarti44/.cache/uv/sdists-v9/pypi/instanttensor/0.1.9/LTwXeZKYgNhvJda60Y6u8/src/csrc/third_party/boost/libs/optional/include
      -I/home/bmarti44/.cache/uv/sdists-v9/pypi/instanttensor/0.1.9/LTwXeZKYgNhvJda60Y6u8/src/csrc/third_party/boost/libs/concept_check/include
      -I/home/bmarti44/.cache/uv/sdists-v9/pypi/instanttensor/0.1.9/LTwXeZKYgNhvJda60Y6u8/src/csrc/third_party/boost/libs/io/include
      -I/home/bmarti44/.cache/glm53-flash/runtime/include
      -I/usr/include/python3.12 -c csrc/loader_common.cpp -o
      build/temp.linux-aarch64-cpython-312/csrc/loader_common.o -std=c++17
      -fvisibility=hidden -fvisibility-inlines-hidden
      make --silent -C
      /home/bmarti44/.cache/uv/sdists-v9/pypi/instanttensor/0.1.9/LTwXeZKYgNhvJda60Y6u8/src/csrc/third_party/libaio
      clean
      make --silent -C
      /home/bmarti44/.cache/uv/sdists-v9/pypi/instanttensor/0.1.9/LTwXeZKYgNhvJda60Y6u8/src/csrc/third_party/liburing
      clean

      [stderr]
      /home/bmarti44/.cache/glm53-flash/runtime/lib/python3.12/site-packages/setuptools/config/_apply_pyprojecttoml.py:82:
      SetuptoolsDeprecationWarning: `project.license` as a TOML table is
      deprecated
      !!

      
      ********************************************************************************
              Please use a simple string containing a SPDX expression for
      `project.license`. You can also use `project.license-files`. (Both
      options available on setuptools>=77.0.0).

              By 2027-Feb-18, you need to update your project and remove
      deprecated calls
              or your builds will no longer be supported.

              See
      https://packaging.python.org/en/latest/guides/writing-pyproject-toml/#license
      for details.
      
      ********************************************************************************

      !!
        corresp(dist, value, root_dir)
      [09/08/26 22:20:32] ERROR    listing git files failed - pretending
      _git.py:40
                                   there aren't any
      warning: no previously-included files matching '*.py[cod]' found
      anywhere in distribution
      warning: no previously-included files matching '__pycache__' found
      anywhere in distribution
      warning: no previously-included files matching '*.o' found anywhere
      in distribution
      warning: no previously-included files matching '*.os' found anywhere
      in distribution
      warning: no previously-included files matching '*.ol' found anywhere
      in distribution
      warning: no previously-included files matching '*.a' found anywhere
      in distribution
      warning: no previously-included files matching '*.so' found anywhere
      in distribution
      warning: no previously-included files matching '*.so.*' found anywhere
      in distribution
      warning: no previously-included files matching '*.dylib' found anywhere
      in distribution
      warning: no previously-included files matching '*.dll' found anywhere
      in distribution
      no previously-included directories found matching 'build'
      no previously-included directories found matching 'dist'
      no previously-included directories found matching '.eggs'
      no previously-included directories found matching '.pytest_cache'
      no previously-included directories found matching '.mypy_cache'
      no previously-included directories found matching '.ruff_cache'
      no previously-included directories found matching '.tox'
      no previously-included directories found matching '.nox'
      no previously-included directories found matching '.venv'
      no previously-included directories found matching 'venv'
      no previously-included directories found matching '.git'
      no previously-included directories found matching '.github'
      ar: creating libaio.a
      ar: creating liburing.a
      ar: creating liburing-ffi.a
      In file included from
      /home/bmarti44/.cache/uv/sdists-v9/pypi/instanttensor/0.1.9/LTwXeZKYgNhvJda60Y6u8/src/csrc/third_party/pybind11/include/pybind11/detail/common.h:12,
                       from
      /home/bmarti44/.cache/uv/sdists-v9/pypi/instanttensor/0.1.9/LTwXeZKYgNhvJda60Y6u8/src/csrc/third_party/pybind11/include/pybind11/attr.h:13,
                       from
      /home/bmarti44/.cache/uv/sdists-v9/pypi/instanttensor/0.1.9/LTwXeZKYgNhvJda60Y6u8/src/csrc/third_party/pybind11/include/pybind11/detail/class.h:12,
                       from
      /home/bmarti44/.cache/uv/sdists-v9/pypi/instanttensor/0.1.9/LTwXeZKYgNhvJda60Y6u8/src/csrc/third_party/pybind11/include/pybind11/pybind11.h:12,
                       from
      /home/bmarti44/.cache/uv/sdists-v9/pypi/instanttensor/0.1.9/LTwXeZKYgNhvJda60Y6u8/src/csrc/instant_tensor/common.hpp:3,
                       from
      /home/bmarti44/.cache/uv/sdists-v9/pypi/instanttensor/0.1.9/LTwXeZKYgNhvJda60Y6u8/src/csrc/instant_tensor/loader.hpp:3,
                       from csrc/loader_common.cpp:1:
      /home/bmarti44/.cache/uv/sdists-v9/pypi/instanttensor/0.1.9/LTwXeZKYgNhvJda60Y6u8/src/csrc/third_party/pybind11/include/pybind11/conduit/wrap_include_python_h.h:44:10:
      fatal error: Python.h: No such file or directory
         44 | #include <Python.h>
            |          ^~~~~~~~~~
      compilation terminated.
      error: command '/usr/bin/aarch64-linux-gnu-g++' failed with exit code 1

      hint: This error likely indicates that you need to install a library
      that provides "Python.h" for `instanttensor@0.1.9`
