ds4: CUDA backend initialized on NVIDIA GB10 (sm_121) dev=0
ds4: CUDA exact top-2048 CUB enabled chunk=8192 merge=2
W4_OBSERVATION block=0 sequence=0 arm=B elapsed_ms=1.586431980
W4_OBSERVATION block=0 sequence=1 arm=A elapsed_ms=4.864927769
W4_OBSERVATION block=0 sequence=2 arm=A elapsed_ms=4.880703926
W4_OBSERVATION block=0 sequence=3 arm=B elapsed_ms=1.588384032
W4_OBSERVATION block=1 sequence=0 arm=A elapsed_ms=4.882944107
W4_OBSERVATION block=1 sequence=1 arm=B elapsed_ms=1.600031972
W4_OBSERVATION block=1 sequence=2 arm=B elapsed_ms=1.624223948
W4_OBSERVATION block=1 sequence=3 arm=A elapsed_ms=5.050848007
W4_OBSERVATION block=2 sequence=0 arm=B elapsed_ms=1.599871993
W4_OBSERVATION block=2 sequence=1 arm=A elapsed_ms=4.899040222
W4_OBSERVATION block=2 sequence=2 arm=A elapsed_ms=4.917503834
W4_OBSERVATION block=2 sequence=3 arm=B elapsed_ms=1.597504020
W4_OBSERVATION block=3 sequence=0 arm=A elapsed_ms=5.049056053
W4_OBSERVATION block=3 sequence=1 arm=B elapsed_ms=1.608576059
W4_OBSERVATION block=3 sequence=2 arm=B elapsed_ms=1.602432013
W4_OBSERVATION block=3 sequence=3 arm=A elapsed_ms=4.899136066
W4_OBSERVATION block=4 sequence=0 arm=B elapsed_ms=1.597759962
W4_OBSERVATION block=4 sequence=1 arm=A elapsed_ms=4.900959969
W4_OBSERVATION block=4 sequence=2 arm=A elapsed_ms=5.064095974
W4_OBSERVATION block=4 sequence=3 arm=B elapsed_ms=1.602911949
w4-topk: n_comp=1048576 n_tokens=8 top_k=2048 baseline_ms=[4.872816,4.966896,4.908272,4.974096,4.982528] candidate_ms=[1.587408,1.612128,1.598688,1.605504,1.600336] speedup_lower95=3.068413304 required=2.0
